Component: ARM Compiler 5.06 update 3 (build 300) Tool: armlink [4d35c9]

==============================================================================

Section Cross References

    utils.o(i._Z3mapfffff) refers to utils.o(i._Z4normfff) for norm(float, float, float)
    utils.o(i._Z3mapfffff) refers to utils.o(i._Z4lerpfff) for lerp(float, float, float)
    utils.o(i._Z9randrangeii) refers to rand.o(.emb_text) for rand
    utils.o(.ARM.exidx) refers to utils.o(i._Z4normfff) for i._Z4normfff
    utils.o(.ARM.exidx) refers to utils.o(i._Z4lerpfff) for i._Z4lerpfff
    utils.o(.ARM.exidx) refers to utils.o(i._Z3mapfffff) for i._Z3mapfffff
    utils.o(.ARM.exidx) refers to utils.o(i._Z9randrangeii) for i._Z9randrangeii
    utils.o(.ARM.exidx) refers to utils.o(i._Z7radiansf) for i._Z7radiansf
    controller.o(i._Z4fireP7missileffd) refers to h1_alloc.o(.text) for malloc
    controller.o(i._Z4fireP7missileffd) refers to asteroids.o(.bss) for player
    controller.o(i._Z8controlsv) refers to controller.o(i._ZN4mbed9DigitalIncviEv) for mbed::DigitalIn::operator int()
    controller.o(i._Z8controlsv) refers to daddsub_clz.o(x$fpl$dadd) for __aeabi_dadd
    controller.o(i._Z8controlsv) refers to daddsub_clz.o(x$fpl$dsub) for __aeabi_dsub
    controller.o(i._Z8controlsv) refers to controller.o(i._Z4fireP7missileffd) for fire(missile*, float, float, double)
    controller.o(i._Z8controlsv) refers to asteroids.o(.data) for dead
    controller.o(i._Z8controlsv) refers to controller.o(.bss) for joystick
    controller.o(i._Z8controlsv) refers to asteroids.o(.bss) for player
    controller.o(i.__sti___14_controller_cpp_joystick) refers to controller.o(i._ZN4mbed9DigitalInC1E7PinName) for mbed::DigitalIn::DigitalIn(PinName)
    controller.o(i.__sti___14_controller_cpp_joystick) refers to controller.o(.bss) for joystick
    controller.o(.ARM.exidx) refers to controller.o(i._Z4fireP7missileffd) for i._Z4fireP7missileffd
    controller.o(.ARM.exidx) refers to controller.o(i._Z8controlsv) for i._Z8controlsv
    controller.o(.ARM.exidx) refers to controller.o(i.__sti___14_controller_cpp_joystick) for i.__sti___14_controller_cpp_joystick
    controller.o(.init_array) refers to controller.o(i.__sti___14_controller_cpp_joystick) for __sti___14_controller_cpp_joystick
    controller.o(.init_array) refers to init_aeabi.o(.text) for __cpp_initialize__aeabi_
    model.o(i._Z11addAsteroidP4rock) refers to h1_alloc.o(.text) for malloc
    model.o(i._Z11addAsteroidP4rock) refers to rand.o(.emb_text) for rand
    model.o(i._Z11addAsteroidP4rock) refers to dflt_clz.o(x$fpl$dflt) for __aeabi_i2d
    model.o(i._Z11addAsteroidP4rock) refers to asteroids.o(.data) for asteroidTick
    model.o(i._Z11addAsteroidP4rock) refers to asteroids.o(.bss) for player
    model.o(i._Z11updateAccelv) refers to cos.o(i.__hardfp_cos) for __hardfp_cos
    model.o(i._Z11updateAccelv) refers to f2d.o(x$fpl$f2d) for __aeabi_f2d
    model.o(i._Z11updateAccelv) refers to dmul.o(x$fpl$dmul) for __aeabi_dmul
    model.o(i._Z11updateAccelv) refers to d2f.o(x$fpl$d2f) for __aeabi_d2f
    model.o(i._Z11updateAccelv) refers to sin.o(i.__hardfp_sin) for __hardfp_sin
    model.o(i._Z11updateAccelv) refers to asteroids.o(.bss) for player
    model.o(i._Z11updateAccelv) refers to asteroids.o(.data) for Dt
    model.o(i._Z13checkMissilesP7missile) refers to model.o(i._Z13removeMissileP7missileS0_) for removeMissile(missile*, missile*)
    model.o(i._Z13checkMissilesP7missile) refers to asteroids.o(.data) for shots
    model.o(i._Z13removeMissileP7missileS0_) refers to model.o(i._Z17removeBackMissileP7missile) for removeBackMissile(missile*)
    model.o(i._Z13removeMissileP7missileS0_) refers to h1_free.o(.text) for free
    model.o(i._Z13removeMissileP7missileS0_) refers to asteroids.o(.data) for shots
    model.o(i._Z13removeMissileP7missileS0_) refers to asteroids.o(.bss) for player
    model.o(i._Z14checkAsteroidsP4rockP7missile) refers to model.o(i._Z13removeMissileP7missileS0_) for removeMissile(missile*, missile*)
    model.o(i._Z14checkAsteroidsP4rockP7missile) refers to model.o(i._Z14removeAsteroidP4rockS0_) for removeAsteroid(rock*, rock*)
    model.o(i._Z14checkAsteroidsP4rockP7missile) refers to asteroids.o(.data) for shots
    model.o(i._Z14removeAsteroidP4rockS0_) refers to model.o(i._Z18removeBackAsteroidP4rock) for removeBackAsteroid(rock*)
    model.o(i._Z14removeAsteroidP4rockS0_) refers to h1_free.o(.text) for free
    model.o(i._Z14removeAsteroidP4rockS0_) refers to asteroids.o(.data) for asteroids
    model.o(i._Z14removeAsteroidP4rockS0_) refers to asteroids.o(.bss) for player
    model.o(i._Z14updateMissilesP7missile) refers to cos.o(i.__hardfp_cos) for __hardfp_cos
    model.o(i._Z14updateMissilesP7missile) refers to f2d.o(x$fpl$f2d) for __aeabi_f2d
    model.o(i._Z14updateMissilesP7missile) refers to dmul.o(x$fpl$dmul) for __aeabi_dmul
[...]
    mbed::DigitalOut::operator =(int)        0x00006111   Thumb Code    64  ealcdboardgpio.o(i._ZN4mbed10DigitalOutaSEi)
    mbed::FileHandle::flen()                 0x0000616d   Thumb Code    58  filelike.o(i._ZN4mbed10FileHandle4flenEv)
    mbed::TimerEvent::irq(unsigned)          0x000061a7   Thumb Code    16  timerevent.o(i._ZN4mbed10TimerEvent3irqEj)
    mbed::TimerEvent::insert(unsigned)       0x000061b7   Thumb Code    20  timerevent.o(i._ZN4mbed10TimerEvent6insertEj)
    mbed::TimerEvent::remove()               0x000061cb   Thumb Code    14  timerevent.o(i._ZN4mbed10TimerEvent6removeEv)
    mbed::TimerEvent::TimerEvent__sub_object() 0x000061d9   Thumb Code    34  timerevent.o(i._ZN4mbed10TimerEventC2Ev)
    mbed::TimerEvent::~TimerEvent()          0x00006205   Thumb Code     0  timerevent.o(i._ZN4mbed10TimerEventD2Ev)
    mbed::TimerEvent::~TimerEvent__sub_object() 0x00006205   Thumb Code    18  timerevent.o(i._ZN4mbed10TimerEventD2Ev)
    mbed::mbed_set_unbuffered_stream(std::__FILE*) 0x0000621d   Thumb Code    14  retarget.o(i._ZN4mbed26mbed_set_unbuffered_streamEPSt6__FILE)
    mbed::I2C::read(int, char*, int, bool)   0x0000622b   Thumb Code    58  i2c.o(i._ZN4mbed3I2C4readEiPcib)
    mbed::I2C::write(int, const char*, int, bool) 0x00006265   Thumb Code    58  i2c.o(i._ZN4mbed3I2C5writeEiPKcib)
    mbed::I2C::aquire()                      0x000062a1   Thumb Code    26  i2c.o(i._ZN4mbed3I2C6aquireEv)
    mbed::I2C::I2C(PinName, PinName)         0x000062c1   Thumb Code    34  i2c.o(i._ZN4mbed3I2CC1E7PinNameS1_)
    mbed::I2C::I2C__sub_object(PinName, PinName) 0x000062c1   Thumb Code     0  i2c.o(i._ZN4mbed3I2CC1E7PinNameS1_)
    mbed::Stream::flen()                     0x000062ed   Thumb Code     6  stream.o(i._ZN4mbed6Stream4flenEv)
    mbed::Stream::close()                    0x000062f3   Thumb Code     6  stream.o(i._ZN4mbed6Stream5closeEv)
    mbed::Stream::lseek(long, int)           0x000062f9   Thumb Code     6  stream.o(i._ZN4mbed6Stream5lseekEli)
    mbed::Stream::write(const void*, unsigned) 0x000062ff   Thumb Code    48  stream.o(i._ZN4mbed6Stream5writeEPKvj)
    mbed::Stream::isatty()                   0x0000632f   Thumb Code     6  stream.o(i._ZN4mbed6Stream6isattyEv)
    mbed::Stream::printf(const char*, ...)   0x00006335   Thumb Code    40  stream.o(i._ZN4mbed6Stream6printfEPKcz)
    mbed::Stream::Stream__sub_object(const char*) 0x0000635d   Thumb Code    58  stream.o(i._ZN4mbed6StreamC2EPKc)
    mbed::Ticker::setup(unsigned)            0x000063a5   Thumb Code    34  ticker.o(i._ZN4mbed6Ticker5setupEj)
    mbed::Ticker::attach(void(*)(), float)   0x000063c9   Thumb Code    56  asteroids.o(i._ZN4mbed6Ticker6attachEPFvvEf)
    mbed::Ticker::detach()                   0x00006405   Thumb Code    22  ticker.o(i._ZN4mbed6Ticker6detachEv)
    mbed::Ticker::handler()                  0x0000641b   Thumb Code    56  ticker.o(i._ZN4mbed6Ticker7handlerEv)
    mbed::Ticker::Ticker()                   0x00006455   Thumb Code    40  asteroids.o(i._ZN4mbed6TickerC1Ev)
    mbed::Ticker::Ticker__sub_object()       0x00006455   Thumb Code     0  asteroids.o(i._ZN4mbed6TickerC1Ev)
    mbed::Ticker::~Ticker()                  0x00006481   Thumb Code    26  asteroids.o(i._ZN4mbed6TickerD1Ev)
    mbed::Ticker::~Ticker__sub_object()      0x00006481   Thumb Code     0  asteroids.o(i._ZN4mbed6TickerD1Ev)
    mbed::FileBase::getPathType()            0x000064a1   Thumb Code     6  filebase.o(i._ZN4mbed8FileBase11getPathTypeEv)
    mbed::FileBase::lookup(const char*, unsigned) 0x000064a9   Thumb Code    52  filebase.o(i._ZN4mbed8FileBase6lookupEPKcj)
    mbed::FileBase::FileBase(const char*, mbed::PathType) 0x000064e1   Thumb Code    32  filebase.o(i._ZN4mbed8FileBaseC1EPKcNS_8PathTypeE)
    mbed::FileBase::FileBase__sub_object(const char*, mbed::PathType) 0x000064e1   Thumb Code     0  filebase.o(i._ZN4mbed8FileBaseC1EPKcNS_8PathTypeE)
    mbed::FileLike::FileLike__sub_object(const char*) 0x00006509   Thumb Code    34  filelike.o(i._ZN4mbed8FileLikeC2EPKc)
    mbed::FilePath::fileSystem()             0x00006535   Thumb Code    20  filepath.o(i._ZN4mbed8FilePath10fileSystemEv)
    mbed::FilePath::isFileSystem()           0x00006549   Thumb Code    28  filepath.o(i._ZN4mbed8FilePath12isFileSystemEv)
    mbed::FilePath::file()                   0x00006565   Thumb Code    30  filepath.o(i._ZN4mbed8FilePath4fileEv)
    mbed::FilePath::exists()                 0x00006583   Thumb Code    14  filepath.o(i._ZN4mbed8FilePath6existsEv)
    mbed::FilePath::isFile()                 0x00006591   Thumb Code    28  filepath.o(i._ZN4mbed8FilePath6isFileEv)
    mbed::FilePath::fileName()               0x000065ad   Thumb Code     6  filepath.o(i._ZN4mbed8FilePath8fileNameEv)
    mbed::FilePath::FilePath(const char*)    0x000065b3   Thumb Code    86  filepath.o(i._ZN4mbed8FilePathC1EPKc)
    mbed::FilePath::FilePath__sub_object(const char*) 0x000065b3   Thumb Code     0  filepath.o(i._ZN4mbed8FilePathC1EPKc)
    mbed::DigitalIn::read()                  0x00006609   Thumb Code    48  asteroids.o(i._ZN4mbed9DigitalIn4readEv)
    mbed::DigitalIn::DigitalIn(PinName)      0x00006655   Thumb Code    26  controller.o(i._ZN4mbed9DigitalInC1E7PinName)
    mbed::DigitalIn::DigitalIn__sub_object(PinName) 0x00006655   Thumb Code     0  controller.o(i._ZN4mbed9DigitalInC1E7PinName)
    mbed::DigitalIn::operator int()          0x00006671   Thumb Code    52  controller.o(i._ZN4mbed9DigitalIncviEv)
    GFXFb::fillScreen(unsigned short)        0x000066c1   Thumb Code    38  gfxfb.o(i._ZN5GFXFb10fillScreenEt)
    GFXFb::drawFastHLine(short, short, short, unsigned short) 0x000066e7   Thumb Code    98  gfxfb.o(i._ZN5GFXFb13drawFastHLineEssst)
    GFXFb::drawFastVLine(short, short, short, unsigned short) 0x00006749   Thumb Code   104  gfxfb.o(i._ZN5GFXFb13drawFastVLineEssst)
    GFXFb::drawPixel(short, short, unsigned short) 0x000067b1   Thumb Code    70  gfxfb.o(i._ZN5GFXFb9drawPixelEsst)
    GFXFb::GFXFb(unsigned short, unsigned short, unsigned short*) 0x000067f9   Thumb Code    36  gfxfb.o(i._ZN5GFXFbC1EttPt)
    GFXFb::GFXFb__sub_object(unsigned short, unsigned short, unsigned short*) 0x000067f9   Thumb Code     0  gfxfb.o(i._ZN5GFXFbC1EttPt)
    Display::theDisplay()                    0x00006821   Thumb Code    50  display.o(i._ZN7Display10theDisplayEv)
    Display::_putc(int)                      0x0000685d   Thumb Code    20  display.o(i._ZN7Display5_putcEi)
    Display::Display()                       0x00006871   Thumb Code   272  display.o(i._ZN7DisplayC1Ev)
    Display::Display__sub_object()           0x00006871   Thumb Code     0  display.o(i._ZN7DisplayC1Ev)
    operator new(unsigned)                   0x000069c1   Thumb Code    34  new.o(i._Znwj)
    __ARM_fpclassify                         0x000069e9   Thumb Code    48  fpclassify.o(i.__ARM_fpclassify)
    __cxa_guard_acquire                      0x00006a19   Thumb Code    16  cxa_guard_acquire.o(i.__cxa_guard_acquire)
    __cxa_pure_virtual                       0x00006a29   Thumb Code     6  pure_virt.o(i.__cxa_pure_virtual)
    __hardfp_cos                             0x00006a31   Thumb Code   180  cos.o(i.__hardfp_cos)
    __hardfp_sin                             0x00006af9   Thumb Code   180  sin.o(i.__hardfp_sin)
    __ieee754_rem_pio2                       0x00006bc1   Thumb Code   938  rred.o(i.__ieee754_rem_pio2)
    __kernel_cos                             0x00006ff9   Thumb Code   322  cos_i.o(i.__kernel_cos)
    __kernel_poly                            0x00007169   Thumb Code   248  poly.o(i.__kernel_poly)
    __kernel_sin                             0x00007261   Thumb Code   280  sin_i.o(i.__kernel_sin)
    __mathlib_dbl_infnan                     0x00007391   Thumb Code    20  dunder.o(i.__mathlib_dbl_infnan)
    __mathlib_dbl_invalid                    0x000073a9   Thumb Code    24  dunder.o(i.__mathlib_dbl_invalid)
    __mathlib_dbl_underflow                  0x000073c9   Thumb Code    24  dunder.o(i.__mathlib_dbl_underflow)
    __reserved_stack_size                    0x000073e9   Thumb Code     6  sdram.o(i.__reserved_stack_size)
    __rt_heap_extend                         0x000073f1   Thumb Code    54  sdram.o(i.__rt_heap_extend)
    __user_setup_stackheap                   0x000074e5   Thumb Code    42  sys.o(i.__user_setup_stackheap)
    _is_digit                                0x0000756f   Thumb Code    14  __printf_wp.o(i._is_digit)
    _sys_close                               0x0000757d   Thumb Code    44  retarget.o(i._sys_close)
    _sys_flen                                0x000075ad   Thumb Code    38  retarget.o(i._sys_flen)
    _sys_istty                               0x000075d9   Thumb Code    38  retarget.o(i._sys_istty)
    _sys_open                                0x00007605   Thumb Code   284  retarget.o(i._sys_open)
    _sys_seek                                0x00007735   Thumb Code    44  retarget.o(i._sys_seek)
    _sys_write                               0x00007765   Thumb Code    88  retarget.o(i._sys_write)
    error                                    0x000077c9   Thumb Code    28  error.o(i.error)
    exit                                     0x000077e9   Thumb Code    24  retarget.o(i.exit)
    fabs                                     0x00007809   Thumb Code    24  fabs.o(i.fabs)
    fpu_init                                 0x00007821   Thumb Code    62  system_lpc407x_8x_177x_8x.o(i.fpu_init)
    fputc                                    0x00007871   Thumb Code    26  fputc.o(i.fputc)
    get_us_ticker_data                       0x0000788d   Thumb Code     4  us_ticker_api.o(i.get_us_ticker_data)
    gpio_dir                                 0x00007895   Thumb Code    68  gpio_api.o(i.gpio_dir)
    gpio_init                                0x00007925   Thumb Code    50  gpio_api.o(i.gpio_init)
    gpio_init_in                             0x0000795d   Thumb Code    18  gpio.o(i.gpio_init_in)
    gpio_init_in_ex                          0x0000796f   Thumb Code    20  gpio.o(i.gpio_init_in_ex)
    gpio_init_out                            0x00007983   Thumb Code    18  gpio.o(i.gpio_init_out)
    gpio_init_out_ex                         0x00007995   Thumb Code    22  gpio.o(i.gpio_init_out_ex)
    gpio_mode                                0x000079ab   Thumb Code    18  gpio_api.o(i.gpio_mode)
    gpio_set                                 0x000079bd   Thumb Code    40  gpio_api.o(i.gpio_set)
    i2c_frequency                            0x00007bd1   Thumb Code    22  i2c_api.o(i.i2c_frequency)
    i2c_init                                 0x00007bed   Thumb Code   218  i2c_api.o(i.i2c_init)
    i2c_read                                 0x00007d31   Thumb Code   176  i2c_api.o(i.i2c_read)
    i2c_start                                0x00007de1   Thumb Code    72  i2c_api.o(i.i2c_start)
    i2c_stop                                 0x00007e31   Thumb Code    58  i2c_api.o(i.i2c_stop)
    i2c_write                                0x00007e99   Thumb Code   130  i2c_api.o(i.i2c_write)
    $Super$$main                             0x00007f1d   Thumb Code   208  asteroids.o(i.main)
    mbed_assert_internal                     0x00008045   Thumb Code    22  assert.o(i.mbed_assert_internal)
    mbed_die                                 0x00008091   Thumb Code   116  board.o(i.mbed_die)
    mbed_main                                0x00008105   Thumb Code     2  retarget.o(i.mbed_main)
    mbed_sdk_init                            0x00008107   Thumb Code     2  retarget.o(i.mbed_sdk_init)
    pin_function                             0x00008109   Thumb Code    42  pinmap.o(i.pin_function)
    pin_mode                                 0x0000817d   Thumb Code    66  pinmap.o(i.pin_mode)
    pinmap_find_peripheral                   0x00008209   Thumb Code    32  pinmap_common.o(i.pinmap_find_peripheral)
    pinmap_merge                             0x00008229   Thumb Code    42  pinmap_common.o(i.pinmap_merge)
    pinmap_peripheral                        0x00008269   Thumb Code    44  pinmap_common.o(i.pinmap_peripheral)
    pinmap_pinout                            0x000082b5   Thumb Code    62  pinmap_common.o(i.pinmap_pinout)
    pwmout_init                              0x00008309   Thumb Code   184  pwmout_api.o(i.pwmout_init)
    pwmout_period_ms                         0x000083fd   Thumb Code    22  pwmout_api.o(i.pwmout_period_ms)
    pwmout_period_us                         0x00008415   Thumb Code    64  pwmout_api.o(i.pwmout_period_us)
    pwmout_write                             0x00008459   Thumb Code   100  pwmout_api.o(i.pwmout_write)
    serial_baud                              0x000084c1   Thumb Code   320  serial_api.o(i.serial_baud)
    serial_format                            0x00008605   Thumb Code   168  serial_api.o(i.serial_format)
    serial_init                              0x00008701   Thumb Code   378  serial_api.o(i.serial_init)
    serial_putc                              0x000088ad   Thumb Code    24  serial_api.o(i.serial_putc)
    serial_writable                          0x000088c5   Thumb Code    12  serial_api.o(i.serial_writable)
    ticker_insert_event                      0x000088d1   Thumb Code    80  ticker_api.o(i.ticker_insert_event)
    ticker_irq_handler                       0x00008921   Thumb Code    90  ticker_api.o(i.ticker_irq_handler)
    ticker_read                              0x0000897b   Thumb Code    12  ticker_api.o(i.ticker_read)
    ticker_remove_event                      0x00008987   Thumb Code    82  ticker_api.o(i.ticker_remove_event)
    ticker_set_handler                       0x000089d9   Thumb Code    18  ticker_api.o(i.ticker_set_handler)
    us_ticker_clear_interrupt                0x000089ed   Thumb Code     8  us_ticker.o(i.us_ticker_clear_interrupt)
    us_ticker_disable_interrupt              0x000089f9   Thumb Code    14  us_ticker.o(i.us_ticker_disable_interrupt)
    us_ticker_init                           0x00008a0d   Thumb Code    92  us_ticker.o(i.us_ticker_init)
    us_ticker_irq_handler                    0x00008a81   Thumb Code    10  us_ticker_api.o(i.us_ticker_irq_handler)
    us_ticker_read                           0x00008a91   Thumb Code    18  us_ticker.o(i.us_ticker_read)
    us_ticker_set_interrupt                  0x00008aad   Thumb Code    16  us_ticker.o(i.us_ticker_set_interrupt)
    wait                                     0x00008ac1   Thumb Code    36  wait_api.o(i.wait)
    wait_ms                                  0x00008ae9   Thumb Code    18  wait_api.o(i.wait_ms)
    wait_us                                  0x00008afb   Thumb Code    24  wait_api.o(i.wait_us)
    _get_lc_numeric                          0x00008b15   Thumb Code    44  lc_numeric_c.o(locale$$code)
    _get_lc_ctype                            0x00008b41   Thumb Code    44  lc_ctype_c.o(locale$$code)
    mbed::FunctionPointerArg1<void, void>::attach(void(*)()) 0x00008b6d   Thumb Code     8  asteroids.o(t._ZN4mbed19FunctionPointerArg1IvvE6attachEPFvvE)
    __aeabi_dneg                             0x00008b75   Thumb Code     0  basic.o(x$fpl$basic)
    _dneg                                    0x00008b75   Thumb Code     6  basic.o(x$fpl$basic)
    __aeabi_fneg                             0x00008b7b   Thumb Code     0  basic.o(x$fpl$basic)
    _fneg                                    0x00008b7b   Thumb Code     6  basic.o(x$fpl$basic)
    _dabs                                    0x00008b81   Thumb Code     6  basic.o(x$fpl$basic)
    _fabs                                    0x00008b87   Thumb Code     6  basic.o(x$fpl$basic)
    __aeabi_d2f                              0x00008b8d   Thumb Code     0  d2f.o(x$fpl$d2f)
    _d2f                                     0x00008b8d   Thumb Code    98  d2f.o(x$fpl$d2f)
    __aeabi_dadd                             0x00008bf1   Thumb Code     0  daddsub_clz.o(x$fpl$dadd)
    _dadd                                    0x00008bf1   Thumb Code   332  daddsub_clz.o(x$fpl$dadd)
    __aeabi_ddiv                             0x00008d41   Thumb Code     0  ddiv.o(x$fpl$ddiv)
    _ddiv                                    0x00008d41   Thumb Code   552  ddiv.o(x$fpl$ddiv)
    __aeabi_d2iz                             0x00008ff1   Thumb Code     0  dfix.o(x$fpl$dfix)
    _dfix                                    0x00008ff1   Thumb Code    94  dfix.o(x$fpl$dfix)
    __aeabi_i2d                              0x0000904f   Thumb Code     0  dflt_clz.o(x$fpl$dflt)
    _dflt                                    0x0000904f   Thumb Code    46  dflt_clz.o(x$fpl$dflt)
    __aeabi_ui2d                             0x0000907d   Thumb Code     0  dflt_clz.o(x$fpl$dfltu)
    _dfltu                                   0x0000907d   Thumb Code    38  dflt_clz.o(x$fpl$dfltu)
    __aeabi_dmul                             0x000090a5   Thumb Code     0  dmul.o(x$fpl$dmul)
    _dmul                                    0x000090a5   Thumb Code   332  dmul.o(x$fpl$dmul)
    __fpl_dnaninf                            0x000091f9   Thumb Code   156  dnaninf.o(x$fpl$dnaninf)
    __fpl_dretinf                            0x00009295   Thumb Code    12  dretinf.o(x$fpl$dretinf)
    __aeabi_drsub                            0x000092a1   Thumb Code     0  daddsub_clz.o(x$fpl$drsb)
    _drsb                                    0x000092a1   Thumb Code    22  daddsub_clz.o(x$fpl$drsb)
    __aeabi_dsub                             0x000092b9   Thumb Code     0  daddsub_clz.o(x$fpl$dsub)
    _dsub                                    0x000092b9   Thumb Code   464  daddsub_clz.o(x$fpl$dsub)
    __aeabi_f2d                              0x0000948d   Thumb Code     0  f2d.o(x$fpl$f2d)
    _f2d                                     0x0000948d   Thumb Code    86  f2d.o(x$fpl$f2d)
    __fpl_fnaninf                            0x000094e3   Thumb Code   140  fnaninf.o(x$fpl$fnaninf)
    _fp_init                                 0x0000956f   Thumb Code    10  fpinit.o(x$fpl$fpinit)
    __fplib_config_fpu_vfp                   0x00009577   Thumb Code     0  fpinit.o(x$fpl$fpinit)
    __fplib_config_pureend_doubles           0x00009577   Thumb Code     0  fpinit.o(x$fpl$fpinit)
    __fpl_fretinf                            0x00009579   Thumb Code    10  fretinf.o(x$fpl$fretinf)
    _printf_fp_dec                           0x00009583   Thumb Code     4  printf1.o(x$fpl$printf1)
    _printf_fp_hex                           0x00009587   Thumb Code     4  printf2.o(x$fpl$printf2)
    __I$use$fp                               0x0000958a   Number         0  usenofp.o(x$fpl$usenofp)
    __stdin_name                             0x00009acc   Data           7  retarget.o(.constdata)
    __stdout_name                            0x00009ad3   Data           8  retarget.o(.constdata)
    __stderr_name                            0x00009adb   Data           8  retarget.o(.constdata)
    vtable for EaLcdBoard                    0x0000a0ec   Data          28  ealcdboard.o(.constdata__ZTV10EaLcdBoard)
    vtable for Adafruit_GFX                  0x0000a108   Data          44  adafruit_gfx.o(.constdata__ZTV12Adafruit_GFX)
    vtable for EaLcdBoardGPIO                0x0000a134   Data          28  ealcdboardgpio.o(.constdata__ZTV14EaLcdBoardGPIO)
    vtable for GFXFb                         0x0000a150   Data          44  gfxfb.o(.constdata__ZTV5GFXFb)
    vtable for Display                       0x0000a17c   Data         112  display.o(.constdata__ZTV7Display)
    vtable for mbed::FileHandle              0x0000a1ec   Data          44  retarget.o(.constdata__ZTVN4mbed10FileHandleE)
    vtable for mbed::TimerEvent              0x0000a218   Data          20  timerevent.o(.constdata__ZTVN4mbed10TimerEventE)
    vtable for mbed::Stream                  0x0000a22c   Data          68  stream.o(.constdata__ZTVN4mbed6StreamE)
    vtable for mbed::Ticker                  0x0000a270   Data          20  ticker.o(.constdata__ZTVN4mbed6TickerE)
    vtable for mbed::FileBase                0x0000a284   Data          16  filebase.o(.constdata__ZTVN4mbed8FileBaseE)
    vtable for mbed::FileLike                0x0000a294   Data          60  filelike.o(.constdata__ZTVN4mbed8FileLikeE)
    Region$$Table$$Base                      0x0000a424   Number         0  anon$$obj.o(Region$$Table)
    Region$$Table$$Limit                     0x0000a444   Number         0  anon$$obj.o(Region$$Table)
    __ctype                                  0x0000a46d   Data           0  lc_ctype_c.o(locale$$data)
    SHT$$INIT_ARRAY$$Base                    0x0000a570   Number         0  controller.o(.init_array)
    SHT$$INIT_ARRAY$$Limit                   0x0000a57c   Number         0  init_aeabi.o(.init_array)
    graphics                                 0x100000e8   Data           4  view.o(.data)
    flippedbits                              0x100000ec   Data          14  view.o(.data)
    elapsed_time                             0x100000fc   Data           4  asteroids.o(.data)
    score                                    0x10000100   Data           4  asteroids.o(.data)
    dead                                     0x10000104   Data           4  asteroids.o(.data)
    lives                                    0x10000108   Data           4  asteroids.o(.data)
    gameover                                 0x1000010c   Data           4  asteroids.o(.data)
    asteroidTick                             0x10000110   Data           4  asteroids.o(.data)
    asteroids                                0x10000114   Data           4  asteroids.o(.data)
    shots                                    0x10000118   Data           4  asteroids.o(.data)
    Dt                                       0x1000011c   Data           4  asteroids.o(.data)
    paused                                   0x10000120   Data           1  asteroids.o(.data)
    SystemCoreClock                          0x10000124   Data           4  system_lpc407x_8x_177x_8x.o(.data)
    PeripheralClock                          0x10000128   Data           4  system_lpc407x_8x_177x_8x.o(.data)
    EMCClock                                 0x1000012c   Data           4  system_lpc407x_8x_177x_8x.o(.data)
    USBClock                                 0x10000130   Data           4  system_lpc407x_8x_177x_8x.o(.data)
    us_ticker_inited                         0x10000144   Data           4  us_ticker.o(.data)
    mbed::FileBase::_head                    0x10000158   Data           4  filebase.o(.data)
    mbed::I2C::_owner                        0x1000015c   Data           4  i2c.o(.data)
    stdio_uart_inited                        0x10000168   Data           4  serial_api.o(.data)
    stdio_uart                               0x1000016c   Data           8  serial_api.o(.data)
    LcdController::_lcdControllerUsed        0x10000174   Data           1  lcdcontroller.o(.data)
    __aeabi_stdin                            0x10000178   Data           4  stdio_streams.o(.data)
    __aeabi_stdout                           0x1000017c   Data           4  stdio_streams.o(.data)
    __aeabi_stderr                           0x10000180   Data           4  stdio_streams.o(.data)
    joystick                                 0x10000184   Data         120  controller.o(.bss)
    player                                   0x10000200   Data          96  asteroids.o(.bss)
    model                                    0x10000260   Data          48  asteroids.o(.bss)
    view                                     0x10000290   Data          48  asteroids.o(.bss)
    controller                               0x100002c0   Data          48  asteroids.o(.bss)
    userbutton                               0x100002f0   Data          24  asteroids.o(.bss)
    __stdin                                  0x10000748   Data          84  stdio_streams.o(.bss)
    __stdout                                 0x1000079c   Data          84  stdio_streams.o(.bss)
    __stderr                                 0x100007f0   Data          84  stdio_streams.o(.bss)
    _random_number_data                      0x10000844   Data         228  rand.o(.bss)
    Image$$RW_IRAM1$$ZI$$Limit               0x10000950   Number         0  anon$$obj.o ABSOLUTE



==============================================================================

Memory Map of the image

  Image entry point : Not specified.

  Load Region LR_IROM1 (Base: 0x00000000, Size: 0x0000a618, Max: 0x00080000, ABSOLUTE)

    Execution Region ER_IROM1 (Base: 0x00000000, Size: 0x0000a57c, Max: 0x00080000, ABSOLUTE)

    Base Addr    Size         Type   Attr      Idx    E Section Name        Object

    0x00000000   0x000000e4   Data   RO          882    RESET               startup_lpc407x_8x_177x_8x.o
    0x000000e4   0x00000008   Code   RO         4491  * !!!main             c_w.l(__main.o)
    0x000000ec   0x00000034   Code   RO         5289    !!!scatter          c_w.l(__scatter.o)
    0x00000120   0x0000001a   Code   RO         5291    !!handler_copy      c_w.l(__scatter_copy.o)
    0x0000013a   0x00000002   PAD
    0x0000013c   0x0000001c   Code   RO         5293    !!handler_zi        c_w.l(__scatter_zi.o)
    0x00000158   0x00000000   Code   RO         4423    .ARM.Collect$$_printf_percent$$00000000  c_w.l(_printf_percent.o)
    0x00000158   0x00000006   Code   RO         4734    .ARM.Collect$$_printf_percent$$00000001  c_w.l(_printf_n.o)
    0x0000015e   0x00000006   Code   RO         4422    .ARM.Collect$$_printf_percent$$00000002  c_w.l(_printf_p.o)
    0x00000164   0x00000006   Code   RO         4740    .ARM.Collect$$_printf_percent$$00000003  c_w.l(_printf_f.o)
    0x0000016a   0x00000006   Code   RO         4741    .ARM.Collect$$_printf_percent$$00000004  c_w.l(_printf_e.o)
    0x00000170   0x00000006   Code   RO         4742    .ARM.Collect$$_printf_percent$$00000005  c_w.l(_printf_g.o)
    0x00000176   0x00000006   Code   RO         4743    .ARM.Collect$$_printf_percent$$00000006  c_w.l(_printf_a.o)
    0x0000017c   0x0000000a   Code   RO         4748    .ARM.Collect$$_printf_percent$$00000007  c_w.l(_printf_ll.o)
    0x00000186   0x00000006   Code   RO         4737    .ARM.Collect$$_printf_percent$$00000008  c_w.l(_printf_i.o)
    0x0000018c   0x00000006   Code   RO         4738    .ARM.Collect$$_printf_percent$$00000009  c_w.l(_printf_d.o)
    0x00000192   0x00000006   Code   RO         4739    .ARM.Collect$$_printf_percent$$0000000A  c_w.l(_printf_u.o)
    0x00000198   0x00000006   Code   RO         4736    .ARM.Collect$$_printf_percent$$0000000B  c_w.l(_printf_o.o)
    0x0000019e   0x00000006   Code   RO         4735    .ARM.Collect$$_printf_percent$$0000000C  c_w.l(_printf_x.o)
    0x000001a4   0x00000006   Code   RO         4745    .ARM.Collect$$_printf_percent$$0000000D  c_w.l(_printf_lli.o)
    0x000001aa   0x00000006   Code   RO         4746    .ARM.Collect$$_printf_percent$$0000000E  c_w.l(_printf_lld.o)
    0x000001b0   0x00000006   Code   RO         4747    .ARM.Collect$$_printf_percent$$0000000F  c_w.l(_printf_llu.o)
    0x000001b6   0x00000006   Code   RO         4752    .ARM.Collect$$_printf_percent$$00000010  c_w.l(_printf_llo.o)
    0x000001bc   0x00000006   Code   RO         4753    .ARM.Collect$$_printf_percent$$00000011  c_w.l(_printf_llx.o)
    0x000001c2   0x0000000a   Code   RO         4749    .ARM.Collect$$_printf_percent$$00000012  c_w.l(_printf_l.o)
    0x000001cc   0x00000006   Code   RO         4732    .ARM.Collect$$_printf_percent$$00000013  c_w.l(_printf_c.o)
    0x000001d2   0x00000006   Code   RO         4733    .ARM.Collect$$_printf_percent$$00000014  c_w.l(_printf_s.o)
    0x000001d8   0x00000006   Code   RO         4750    .ARM.Collect$$_printf_percent$$00000015  c_w.l(_printf_lc.o)
    0x000001de   0x00000006   Code   RO         4751    .ARM.Collect$$_printf_percent$$00000016  c_w.l(_printf_ls.o)
    0x000001e4   0x00000004   Code   RO         4744    .ARM.Collect$$_printf_percent$$00000017  c_w.l(_printf_percent_end.o)
    0x000001e8   0x00000002   Code   RO         5177    .ARM.Collect$$libinit$$00000000  c_w.l(libinit.o)
    0x000001ea   0x00000004   Code   RO         4804    .ARM.Collect$$libinit$$00000001  c_w.l(libinit2.o)
    0x000001ee   0x00000000   Code   RO         4807    .ARM.Collect$$libinit$$00000004  c_w.l(libinit2.o)
    0x000001ee   0x00000008   Code   RO         4808    .ARM.Collect$$libinit$$00000005  c_w.l(libinit2.o)
    0x000001f6   0x00000000   Code   RO         4810    .ARM.Collect$$libinit$$0000000A  c_w.l(libinit2.o)
    0x000001f6   0x00000000   Code   RO         4812    .ARM.Collect$$libinit$$0000000C  c_w.l(libinit2.o)
    0x000001f6   0x00000004   Code   RO         4813    .ARM.Collect$$libinit$$0000000D  c_w.l(libinit2.o)
    0x000001fa   0x00000000   Code   RO         4814    .ARM.Collect$$libinit$$0000000E  c_w.l(libinit2.o)
    0x000001fa   0x00000006   Code   RO         4815    .ARM.Collect$$libinit$$0000000F  c_w.l(libinit2.o)
    0x00000200   0x00000000   Code   RO         4817    .ARM.Collect$$libinit$$00000011  c_w.l(libinit2.o)
    0x00000200   0x0000000c   Code   RO         4818    .ARM.Collect$$libinit$$00000012  c_w.l(libinit2.o)
    0x0000020c   0x00000000   Code   RO         4819    .ARM.Collect$$libinit$$00000013  c_w.l(libinit2.o)
    0x0000020c   0x00000000   Code   RO         4821    .ARM.Collect$$libinit$$00000015  c_w.l(libinit2.o)
    0x0000020c   0x0000000a   Code   RO         4822    .ARM.Collect$$libinit$$00000016  c_w.l(libinit2.o)
    0x00000216   0x00000000   Code   RO         4823    .ARM.Collect$$libinit$$00000017  c_w.l(libinit2.o)
    0x00000216   0x00000000   Code   RO         4825    .ARM.Collect$$libinit$$00000019  c_w.l(libinit2.o)
    0x00000216   0x00000000   Code   RO         4827    .ARM.Collect$$libinit$$0000001B  c_w.l(libinit2.o)
    0x00000216   0x00000000   Code   RO         4829    .ARM.Collect$$libinit$$0000001D  c_w.l(libinit2.o)
    0x00000216   0x00000000   Code   RO         4831    .ARM.Collect$$libinit$$0000001F  c_w.l(libinit2.o)
    0x00000216   0x00000000   Code   RO         4833    .ARM.Collect$$libinit$$00000021  c_w.l(libinit2.o)
    0x00000216   0x00000000   Code   RO         4835    .ARM.Collect$$libinit$$00000023  c_w.l(libinit2.o)
    0x00000216   0x00000004   Code   RO         4836    .ARM.Collect$$libinit$$00000024  c_w.l(libinit2.o)
    0x0000021a   0x00000000   Code   RO         4837    .ARM.Collect$$libinit$$00000025  c_w.l(libinit2.o)
    0x0000021a   0x00000000   Code   RO         4841    .ARM.Collect$$libinit$$0000002C  c_w.l(libinit2.o)
    0x0000021a   0x00000000   Code   RO         4843    .ARM.Collect$$libinit$$0000002E  c_w.l(libinit2.o)
    0x0000021a   0x00000000   Code   RO         4845    .ARM.Collect$$libinit$$00000030  c_w.l(libinit2.o)
    0x0000021a   0x00000004   Code   RO         4846    .ARM.Collect$$libinit$$00000031  c_w.l(libinit2.o)
    0x0000021e   0x00000000   Code   RO         4847    .ARM.Collect$$libinit$$00000032  c_w.l(libinit2.o)
    0x0000021e   0x00000002   Code   RO         4848    .ARM.Collect$$libinit$$00000033  c_w.l(libinit2.o)
    0x00000220   0x00000000   Code   RO         5046    .ARM.Collect$$libshutdown$$00000002  c_w.l(libshutdown2.o)
    0x00000220   0x00000000   Code   RO         5048    .ARM.Collect$$libshutdown$$00000004  c_w.l(libshutdown2.o)
    0x00000220   0x00000000   Code   RO         4665    .ARM.Collect$$rtentry$$00000000  c_w.l(__rtentry.o)
    0x00000220   0x00000000   Code   RO         4938    .ARM.Collect$$rtentry$$00000002  c_w.l(__rtentry2.o)
    0x00000220   0x00000006   Code   RO         4950    .ARM.Collect$$rtentry$$00000004  c_w.l(__rtentry4.o)
    0x00000226   0x00000000   Code   RO         4940    .ARM.Collect$$rtentry$$00000009  c_w.l(__rtentry2.o)
    0x00000226   0x00000004   Code   RO         4941    .ARM.Collect$$rtentry$$0000000A  c_w.l(__rtentry2.o)
    0x0000022a   0x00000000   Code   RO         4943    .ARM.Collect$$rtentry$$0000000C  c_w.l(__rtentry2.o)
    0x0000022a   0x00000008   Code   RO         4944    .ARM.Collect$$rtentry$$0000000D  c_w.l(__rtentry2.o)
    0x00000232   0x00000002   PAD
    0x00000234   0x00000034   Code   RO         4466    .emb_text           c_w.l(rand.o)
    0x00000268   0x00000000   Code   RO         4961    .emb_text           c_w.l(maybetermalloc1.o)
    0x00000268   0x00000012   Code   RO          878  * .text               factorial.o
    0x0000027a   0x00000002   PAD
    0x0000027c   0x00000024   Code   RO          884    .text               startup_lpc407x_8x_177x_8x.o
    0x000002a0   0x0000004e   Code   RO         4315    .text               c_w.l(h1_free.o)
    0x000002ee   0x0000000a   Code   RO         4371    .text               c_w.l(vfprintf.o)
    0x000002f8   0x00000004   Code   RO         4681    .text               c_w.l(hguard.o)
    0x000002fc   0x00000004   Code   RO          883    .ARM.__at_0x02FC    startup_lpc407x_8x_177x_8x.o
    0x00000300   0x0000005e   Code   RO         4313    .text               c_w.l(h1_alloc.o)
    0x0000035e   0x0000000a   Code   RO         4373    .text               c_w.l(c89vfprintf.o)
    0x00000368   0x0000002c   Code   RO         4375    .text               c_w.l(__2sprintf.o)
    0x00000394   0x00000094   Code   RO         4399    .text               c_w.l(_printf_hex_int_ll_ptr.o)
    0x00000428   0x00000188   Code   RO         4419    .text               c_w.l(__printf_flags_ss_wp.o)
    0x000005b0   0x0000003c   Code   RO         4426    .text               c_w.l(__0sscanf.o)
    0x000005ec   0x0000014c   Code   RO         4428    .text               c_w.l(_scanf_int.o)
    0x00000738   0x00000064   Code   RO         4430    .text               c_w.l(fflush.o)
    0x0000079c   0x000000ec   Code   RO         4444    .text               c_w.l(fopen.o)
    0x00000888   0x00000014   Code   RO         4446    .text               c_w.l(setbuf.o)
    0x0000089c   0x0000004c   Code   RO         4454    .text               c_w.l(fclose.o)
    0x000008e8   0x0000003c   Code   RO         4467    .text               c_w.l(rand.o)
    0x00000924   0x0000002e   Code   RO         4474    .text               c_w.l(aeabi_atexit.o)
    0x00000952   0x0000003e   Code   RO         4477    .text               c_w.l(strlen.o)
    0x00000990   0x00000096   Code   RO         4479    .text               c_w.l(strncmp.o)
    0x00000a26   0x00000044   Code   RO         4483    .text               c_w.l(rt_memclr.o)
    0x00000a6a   0x0000004e   Code   RO         4485    .text               c_w.l(rt_memclr_w.o)
    0x00000ab8   0x00000080   Code   RO         4489    .text               c_w.l(strcmpv7m.o)
    0x00000b38   0x00000024   Code   RO         4496    .text               c_w.l(init_aeabi.o)
    0x00000b5c   0x00000008   Code   RO         4666    .text               c_w.l(rt_heap_descriptor.o)
    0x00000b64   0x00000008   Code   RO         4671    .text               c_w.l(rt_new_handler_addr.o)
    0x00000b6c   0x00000008   Code   RO         4676    .text               c_w.l(rt_ddtor_pointer_addr.o)
    0x00000b74   0x0000008a   Code   RO         4683    .text               c_w.l(init_alloc.o)
    0x00000bfe   0x0000000e   Code   RO         4687    .text               c_w.l(h1_init.o)
    0x00000c0c   0x00000016   Code   RO         4701    .text               c_w.l(_rserrno.o)
    0x00000c22   0x0000004e   Code   RO         4703    .text               c_w.l(_printf_pad.o)
    0x00000c70   0x00000024   Code   RO         4705    .text               c_w.l(_printf_truncate.o)
    0x00000c94   0x00000052   Code   RO         4707    .text               c_w.l(_printf_str.o)
    0x00000ce6   0x000000b2   Code   RO         4709    .text               c_w.l(_printf_intcommon.o)
    0x00000d98   0x00000078   Code   RO         4711    .text               c_w.l(_printf_dec.o)
    0x00000e10   0x00000028   Code   RO         4713    .text               c_w.l(_printf_charcount.o)
    0x00000e38   0x00000030   Code   RO         4715    .text               c_w.l(_printf_char_common.o)
    0x00000e68   0x0000000a   Code   RO         4717    .text               c_w.l(_sputc.o)
    0x00000e72   0x00000002   PAD
    0x00000e74   0x00000024   Code   RO         4719    .text               c_w.l(_printf_char_file.o)
    0x00000e98   0x000000bc   Code   RO         4721    .text               c_w.l(_printf_wctomb.o)
    0x00000f54   0x0000007c   Code   RO         4724    .text               c_w.l(_printf_longlong_dec.o)
    0x00000fd0   0x00000070   Code   RO         4730    .text               c_w.l(_printf_oct_int_ll.o)
    0x00001040   0x0000001c   Code   RO         4754    .text               c_w.l(_chval.o)
    0x0000105c   0x0000002c   Code   RO         4760    .text               c_w.l(scanf_char.o)
    0x00001088   0x00000040   Code   RO         4762    .text               c_w.l(_sgetc.o)
    0x000010c8   0x00000008   Code   RO         4772    .text               c_w.l(ferror.o)
    0x000010d0   0x000001d6   Code   RO         4776    .text               c_w.l(flsbuf.o)
    0x000012a6   0x00000002   PAD
    0x000012a8   0x000000f8   Code   RO         4778    .text               c_w.l(fseek.o)
    0x000013a0   0x00000046   Code   RO         4780    .text               c_w.l(setvbuf.o)
    0x000013e6   0x00000002   PAD
    0x000013e8   0x000000f0   Code   RO         4782    .text               c_w.l(stdio.o)
    0x000014d8   0x00000138   Code   RO         4785    .text               c_w.l(initio.o)
    0x00001610   0x00000042   Code   RO         4793    .text               c_w.l(cxa_finalize.o)
    0x00001652   0x0000000e   Code   RO         4796    .text               c_w.l(defsig_pvfn_outer.o)
    0x00001660   0x00000004   Code   RO         4856    .text               cpprt_w.l(arm_newhandler_noexceptions.o)
    0x00001664   0x00000008   Code   RO         4954    .text               c_w.l(rt_errno_addr.o)
    0x0000166c   0x00000034   Code   RO         4963    .text               c_w.l(h1_extend.o)
    0x000016a0   0x0000008a   Code   RO         4967    .text               c_w.l(lludiv10.o)
    0x0000172a   0x00000012   Code   RO         4969    .text               c_w.l(isspace.o)
    0x0000173c   0x0000041a   Code   RO         4971    .text               c_w.l(_printf_fp_dec.o)
    0x00001b56   0x00000002   PAD
    0x00001b58   0x000002fc   Code   RO         4973    .text               c_w.l(_printf_fp_hex.o)
    0x00001e54   0x0000002c   Code   RO         4978    .text               c_w.l(_printf_char.o)
    0x00001e80   0x0000002c   Code   RO         4982    .text               c_w.l(_printf_wchar.o)
    0x00001eac   0x00000374   Code   RO         4984    .text               c_w.l(_scanf.o)
    0x00002220   0x00000042   Code   RO         4994    .text               c_w.l(ftell.o)
    0x00002262   0x00000040   Code   RO         5020    .text               c_w.l(_wcrtomb.o)
    0x000022a2   0x0000000a   Code   RO         5022    .text               c_w.l(defsig_exit.o)
    0x000022ac   0x0000000e   Code   RO         5024    .text               c_w.l(defsig_rtred_outer.o)
    0x000022ba   0x0000000e   Code   RO         5028    .text               c_w.l(defsig_rtmem_outer.o)
    0x000022c8   0x00000030   Code   RO         5032    .text               c_w.l(defsig_pvfn_inner.o)
    0x000022f8   0x00000008   Code   RO         5041    .text               c_w.l(heapauxmm.o)
    0x00002300   0x0000001a   Code   RO         5081    .text               cpprt_w.l(arm_exceptions_terminate.o)
    0x0000231a   0x00000002   PAD
    0x0000231c   0x00000050   Code   RO         5084    .text               cpprt_w.l(arm_exceptions_globs.o)
    0x0000236c   0x0000000c   Code   RO         5110    .text               c_w.l(sys_exit.o)
    0x00002378   0x00000010   Code   RO         5112    .text               c_w.l(rt_ctype_table.o)
    0x00002388   0x00000008   Code   RO         5114    .text               c_w.l(rt_locale.o)
    0x00002390   0x00000008   Code   RO         5119    .text               c_w.l(rt_eh_globals_addr.o)
    0x00002398   0x00000080   Code   RO         5126    .text               c_w.l(_printf_fp_infnan.o)
    0x00002418   0x000000dc   Code   RO         5128    .text               c_w.l(bigflt0.o)
    0x000024f4   0x00000016   Code   RO         5158    .text               c_w.l(abort.o)
    0x0000250a   0x00000032   Code   RO         5162    .text               c_w.l(defsig_general.o)
    0x0000253c   0x00000034   Code   RO         5164    .text               c_w.l(defsig_rtred_inner.o)
    0x00002570   0x00000050   Code   RO         5166    .text               c_w.l(defsig_rtmem_inner.o)
    0x000025c0   0x0000003c   Code   RO         5181    .text               cpprt_w.l(arm_exceptions_mem.o)
    0x000025fc   0x0000000e   Code   RO         5210    .text               c_w.l(sys_wrch.o)
    0x0000260a   0x00000002   Code   RO         5212    .text               c_w.l(use_no_semi.o)
    0x0000260c   0x00000000   Code   RO         5214    .text               c_w.l(indicate_semi.o)
    0x0000260c   0x0000000e   Code   RO         5228    .text               c_w.l(defsig_abrt_outer.o)
    0x0000261a   0x00000002   PAD
    0x0000261c   0x00000030   Code   RO         5246    .text               c_w.l(defsig_abrt_inner.o)
    0x0000264c   0x0000003e   Code   RO         5131    CL$$btod_d2e        c_w.l(btod.o)
    0x0000268a   0x00000046   Code   RO         5133    CL$$btod_d2e_denorm_low  c_w.l(btod.o)
    0x000026d0   0x00000060   Code   RO         5132    CL$$btod_d2e_norm_op1  c_w.l(btod.o)
    0x00002730   0x00000338   Code   RO         5141    CL$$btod_div_common  c_w.l(btod.o)
    0x00002a68   0x000000c6   Code   RO         5138    CL$$btod_e2e        c_w.l(btod.o)
    0x00002b2e   0x00000028   Code   RO         5135    CL$$btod_ediv       c_w.l(btod.o)
    0x00002b56   0x00000028   Code   RO         5134    CL$$btod_emul       c_w.l(btod.o)
    0x00002b7e   0x00000244   Code   RO         5140    CL$$btod_mult_common  c_w.l(btod.o)
    0x00002dc2   0x00000010   Code   RO         2492    i.$Sub$$main        mbed.lib(retarget.o)
    0x00002dd2   0x00000002   PAD
    0x00002dd4   0x00000040   Code   RO          893    i.NVIC_SetVector    cmsis_nvic.o
    0x00002e14   0x000002d4   Code   RO          948    i.SystemCoreClockUpdate  system_lpc407x_8x_177x_8x.o
    0x000030e8   0x000000ec   Code   RO          949    i.SystemInit        system_lpc407x_8x_177x_8x.o
    0x000031d4   0x0000008c   Code   RO          475    i._Z10drawShieldv   view.o
    0x00003260   0x000000fc   Code   RO         3292    i._Z10sdram_initv   ebb.lib(sdram.o)
    0x0000335c   0x0000005c   Code   RO         3293    i._Z10sdram_testv   ebb.lib(sdram.o)
    0x000033b8   0x000000b0   Code   RO          362    i._Z11addAsteroidP4rock  model.o
    0x00003468   0x00000048   Code   RO         3294    i._Z11calibrationv  ebb.lib(sdram.o)
    0x000034b0   0x00000084   Code   RO         3295    i._Z11find_cmddlyv  ebb.lib(sdram.o)
    0x00003534   0x00000020   Code   RO         2493    i._Z11init_serialv  mbed.lib(retarget.o)
    0x00003554   0x00000028   Code   RO         2990    i._Z11str_to_uintPcj  ebb.lib(ealcdboard.o)
    0x0000357c   0x000000c4   Code   RO          363    i._Z11updateAccelv  model.o
    0x00003640   0x00000044   Code   RO          476    i._Z12drawMissilesP7missile  view.o
    0x00003684   0x00000020   Code   RO          477    i._Z12init_DBufferv  view.o
    0x000036a4   0x0000002c   Code   RO          478    i._Z12swap_DBufferv  view.o
    0x000036d0   0x000003a8   Code   RO          479    i._Z12updatePointsv  view.o
    0x00003a78   0x00000058   Code   RO         3296    i._Z13adjust_timingv  ebb.lib(sdram.o)
    0x00003ad0   0x0000006c   Code   RO          364    i._Z13checkMissilesP7missile  model.o
    0x00003b3c   0x0000004c   Code   RO          480    i._Z13drawAsteroidsP4rock  view.o
    0x00003b88   0x00000084   Code   RO         3297    i._Z13find_fbclkdlyv  ebb.lib(sdram.o)
    0x00003c0c   0x00000050   Code   RO          365    i._Z13removeMissileP7missileS0_  model.o
    0x00003c5c   0x00000148   Code   RO          366    i._Z14checkAsteroidsP4rockP7missile  model.o
    0x00003da4   0x0000045c   Code   RO          481    i._Z14drawBackgroundv  view.o
    0x00004200   0x00000050   Code   RO          367    i._Z14removeAsteroidP4rockS0_  model.o
    0x00004250   0x000000e8   Code   RO          368    i._Z14updateMissilesP7missile  model.o
    0x00004338   0x00000028   Code   RO          369    i._Z14updateVelocityv  model.o
    0x00004360   0x000000e8   Code   RO          370    i._Z15updateAsteroidsP4rock  model.o
    0x00004448   0x0000001e   Code   RO          371    i._Z17removeBackMissileP7missile  model.o
    0x00004466   0x0000001e   Code   RO          372    i._Z18removeBackAsteroidP4rock  model.o
    0x00004484   0x0000012c   Code   RO          373    i._Z19checkWallCollisionsv  model.o
    0x000045b0   0x00000104   Code   RO          482    i._Z4drawv          view.o
    0x000046b4   0x00000058   Code   RO           59    i._Z4fireP7missileffd  controller.o
    0x0000470c   0x00000058   Code   RO          374    i._Z7physicsv       model.o
    0x00004764   0x000000e4   Code   RO           60    i._Z8controlsv      controller.o
    0x00004848   0x000000f8   Code   RO          483    i._Z8drawShipv      view.o
    0x00004940   0x0000018c   Code   RO          375    i._Z9checkShipP4rock  model.o
    0x00004acc   0x00000354   Code   RO         3299    i._Z9pinConfigv     ebb.lib(sdram.o)
    0x00004e20   0x0000000a   Code   RO         2991    i._Z9port_pin28PortNamei  ebb.lib(ealcdboard.o)
    0x00004e2a   0x0000007e   Code   RO         2992    i._ZN10EaLcdBoard10eepromReadEPhtt  ebb.lib(ealcdboard.o)
    0x00004ea8   0x000000dc   Code   RO         2993    i._ZN10EaLcdBoard10execPinSetEPcj  ebb.lib(ealcdboard.o)
    0x00004f84   0x00000058   Code   RO         2994    i._ZN10EaLcdBoard10getInitSeqEPci  ebb.lib(ealcdboard.o)
    0x00004fdc   0x00000084   Code   RO         2996    i._ZN10EaLcdBoard11execSeqCtrlEPcj  ebb.lib(ealcdboard.o)
    0x00005060   0x00000020   Code   RO         2997    i._ZN10EaLcdBoard11set5VSignalEb  ebb.lib(ealcdboard.o)
    0x00005080   0x0000003e   Code   RO         2998    i._ZN10EaLcdBoard11setLsStatesEtPhh  ebb.lib(ealcdboard.o)
    0x000050be   0x00000022   Code   RO         2999    i._ZN10EaLcdBoard12checkVersionEPcj  ebb.lib(ealcdboard.o)
    0x000050e0   0x000000dc   Code   RO         3000    i._ZN10EaLcdBoard12getLcdConfigEPN13LcdController6ConfigE  ebb.lib(ealcdboard.o)
    0x000051bc   0x00000020   Code   RO         3001    i._ZN10EaLcdBoard12set3V3SignalEb  ebb.lib(ealcdboard.o)
    0x000051dc   0x00000044   Code   RO         3004    i._ZN10EaLcdBoard14setFrameBufferEj  ebb.lib(ealcdboard.o)
    0x00005220   0x000000be   Code   RO         3006    i._ZN10EaLcdBoard15parseInitStringEPcPN13LcdController6ConfigE  ebb.lib(ealcdboard.o)
    0x000052de   0x0000002c   Code   RO         3007    i._ZN10EaLcdBoard15pca9532_setLedsEtt  ebb.lib(ealcdboard.o)
    0x0000530a   0x0000002e   Code   RO         3011    i._ZN10EaLcdBoard20setBacklightContrastEj  ebb.lib(ealcdboard.o)
    0x00005338   0x00000036   Code   RO         3012    i._ZN10EaLcdBoard21pca9532_setBlink0DutyEh  ebb.lib(ealcdboard.o)
    0x0000536e   0x00000018   Code   RO         3013    i._ZN10EaLcdBoard21pca9532_setBlink0LedsEt  ebb.lib(ealcdboard.o)
    0x00005386   0x00000020   Code   RO         3014    i._ZN10EaLcdBoard22setDisplayEnableSignalEb  ebb.lib(ealcdboard.o)
    0x000053a6   0x00000022   Code   RO         3015    i._ZN10EaLcdBoard23pca9532_setBlink0PeriodEh  ebb.lib(ealcdboard.o)
    0x000053c8   0x0000004c   Code   RO         3016    i._ZN10EaLcdBoard4openEPN13LcdController6ConfigEPc  ebb.lib(ealcdboard.o)
    0x00005414   0x0000006c   Code   RO         3018    i._ZN10EaLcdBoard7setLedsEv  ebb.lib(ealcdboard.o)
    0x00005480   0x00000028   Code   RO         3019    i._ZN10EaLcdBoard8getStoreEPNS_7store_tE  ebb.lib(ealcdboard.o)
    0x000054a8   0x0000001e   Code   RO         3020    i._ZN10EaLcdBoard9execDelayEPcj  ebb.lib(ealcdboard.o)
    0x000054c6   0x00000002   PAD
    0x000054c8   0x00000044   Code   RO         3021    i._ZN10EaLcdBoardC1E7PinNameS0_  ebb.lib(ealcdboard.o)
    0x0000550c   0x0000006e   Code   RO         1516    i._ZN12Adafruit_GFX10drawBitmapEssPKhsst  ebb.lib(adafruit_gfx.o)
    0x0000557a   0x00000056   Code   RO         1524    i._ZN12Adafruit_GFX12drawTriangleEsssssst  ebb.lib(adafruit_gfx.o)
    0x000055d0   0x000001b8   Code   RO         1525    i._ZN12Adafruit_GFX12fillTriangleEsssssst  ebb.lib(adafruit_gfx.o)
    0x00005788   0x0000002c   Code   RO         1528    i._ZN12Adafruit_GFX13drawFastHLineEssst  ebb.lib(adafruit_gfx.o)
    0x000057b4   0x0000002e   Code   RO         1529    i._ZN12Adafruit_GFX13drawFastVLineEssst  ebb.lib(adafruit_gfx.o)
    0x000057e2   0x00000008   Code   RO         1535    i._ZN12Adafruit_GFX5widthEv  ebb.lib(adafruit_gfx.o)
    0x000057ea   0x0000007a   Code   RO         1536    i._ZN12Adafruit_GFX5writeEh  ebb.lib(adafruit_gfx.o)
    0x00005864   0x00000008   Code   RO         1537    i._ZN12Adafruit_GFX6heightEv  ebb.lib(adafruit_gfx.o)
    0x0000586c   0x00000104   Code   RO         1538    i._ZN12Adafruit_GFX8drawCharEsshtth  ebb.lib(adafruit_gfx.o)
    0x00005970   0x000000dc   Code   RO         1539    i._ZN12Adafruit_GFX8drawLineEsssst  ebb.lib(adafruit_gfx.o)
    0x00005a4c   0x00000068   Code   RO         1540    i._ZN12Adafruit_GFX8drawRectEsssst  ebb.lib(adafruit_gfx.o)
    0x00005ab4   0x00000036   Code   RO         1541    i._ZN12Adafruit_GFX8fillRectEsssst  ebb.lib(adafruit_gfx.o)
    0x00005aea   0x00000006   Code   RO         1542    i._ZN12Adafruit_GFX9setCursorEss  ebb.lib(adafruit_gfx.o)
    0x00005af0   0x00000030   Code   RO         1543    i._ZN12Adafruit_GFXC2Ess  ebb.lib(adafruit_gfx.o)
    0x00005b20   0x00000018   Code   RO         4051    i._ZN13LcdController14setFrameBufferEj  ebb.lib(lcdcontroller.o)
    0x00005b38   0x0000003c   Code   RO         4052    i._ZN13LcdController15getClockDivisorEi  ebb.lib(lcdcontroller.o)
    0x00005b74   0x000001c0   Code   RO         4053    i._ZN13LcdController4initEPNS_6ConfigE  ebb.lib(lcdcontroller.o)
    0x00005d34   0x00000048   Code   RO         4054    i._ZN13LcdController4openEPNS_6ConfigE  ebb.lib(lcdcontroller.o)
    0x00005d7c   0x00000060   Code   RO         2022    i._ZN13LcdController6ConfigC1EiiiiiiiibbbbiNS_12BitsPerPixelEiNS_8LcdPanelEb  ebb.lib(display.o)
    0x00005ddc   0x00000044   Code   RO         4056    i._ZN13LcdController8setPowerEb  ebb.lib(lcdcontroller.o)
    0x00005e20   0x0000015c   Code   RO         4057    i._ZN13LcdController9pinConfigEv  ebb.lib(lcdcontroller.o)
    0x00005f7c   0x00000006   Code   RO         4058    i._ZN13LcdControllerC1Ev  ebb.lib(lcdcontroller.o)
    0x00005f82   0x00000020   Code   RO         2770    i._ZN14EaLcdBoardGPIO11set5VSignalEb  ebb.lib(ealcdboardgpio.o)
    0x00005fa2   0x00000020   Code   RO         2771    i._ZN14EaLcdBoardGPIO12set3V3SignalEb  ebb.lib(ealcdboardgpio.o)
    0x00005fc2   0x00000002   Code   RO         2772    i._ZN14EaLcdBoardGPIO15setWriteProtectEb  ebb.lib(ealcdboardgpio.o)
    0x00005fc4   0x0000005c   Code   RO         2773    i._ZN14EaLcdBoardGPIO20setBacklightContrastEj  ebb.lib(ealcdboardgpio.o)
    0x00006020   0x00000038   Code   RO         2774    i._ZN14EaLcdBoardGPIO22setDisplayEnableSignalEb  ebb.lib(ealcdboardgpio.o)
    0x00006058   0x0000009c   Code   RO         2775    i._ZN14EaLcdBoardGPIOC1E7PinNameS0_  ebb.lib(ealcdboardgpio.o)
    0x000060f4   0x0000001a   Code   RO         2824    i._ZN4mbed10DigitalOutC1E7PinName  ebb.lib(ealcdboardgpio.o)
    0x0000610e   0x00000002   PAD
    0x00006110   0x0000005c   Code   RO         2818    i._ZN4mbed10DigitalOutaSEi  ebb.lib(ealcdboardgpio.o)
    0x0000616c   0x0000003a   Code   RO         2367    i._ZN4mbed10FileHandle4flenEv  mbed.lib(filelike.o)
    0x000061a6   0x00000010   Code   RO         1458    i._ZN4mbed10TimerEvent3irqEj  mbed.lib(timerevent.o)
    0x000061b6   0x00000014   Code   RO         1459    i._ZN4mbed10TimerEvent6insertEj  mbed.lib(timerevent.o)
    0x000061ca   0x0000000e   Code   RO         1460    i._ZN4mbed10TimerEvent6removeEv  mbed.lib(timerevent.o)
    0x000061d8   0x0000002c   Code   RO         1462    i._ZN4mbed10TimerEventC2Ev  mbed.lib(timerevent.o)
    0x00006204   0x00000018   Code   RO         1464    i._ZN4mbed10TimerEventD2Ev  mbed.lib(timerevent.o)
    0x0000621c   0x0000000e   Code   RO         2496    i._ZN4mbed26mbed_set_unbuffered_streamEPSt6__FILE  mbed.lib(retarget.o)
    0x0000622a   0x0000003a   Code   RO         3673    i._ZN4mbed3I2C4readEiPcib  mbed.lib(i2c.o)
    0x00006264   0x0000003a   Code   RO         3677    i._ZN4mbed3I2C5writeEiPKcib  mbed.lib(i2c.o)
    0x0000629e   0x00000002   PAD
    0x000062a0   0x00000020   Code   RO         3678    i._ZN4mbed3I2C6aquireEv  mbed.lib(i2c.o)
    0x000062c0   0x0000002c   Code   RO         3680    i._ZN4mbed3I2CC1E7PinNameS1_  mbed.lib(i2c.o)
    0x000062ec   0x00000006   Code   RO         1193    i._ZN4mbed6Stream4flenEv  mbed.lib(stream.o)
    0x000062f2   0x00000006   Code   RO         1199    i._ZN4mbed6Stream5closeEv  mbed.lib(stream.o)
    0x000062f8   0x00000006   Code   RO         1201    i._ZN4mbed6Stream5lseekEli  mbed.lib(stream.o)
    0x000062fe   0x00000030   Code   RO         1203    i._ZN4mbed6Stream5writeEPKvj  mbed.lib(stream.o)
    0x0000632e   0x00000006   Code   RO         1204    i._ZN4mbed6Stream6isattyEv  mbed.lib(stream.o)
    0x00006334   0x00000028   Code   RO         1205    i._ZN4mbed6Stream6printfEPKcz  mbed.lib(stream.o)
    0x0000635c   0x00000048   Code   RO         1206    i._ZN4mbed6StreamC2EPKc  mbed.lib(stream.o)
    0x000063a4   0x00000022   Code   RO         1392    i._ZN4mbed6Ticker5setupEj  mbed.lib(ticker.o)
    0x000063c6   0x00000002   PAD
    0x000063c8   0x0000003c   Code   RO          785    i._ZN4mbed6Ticker6attachEPFvvEf  asteroids.o
    0x00006404   0x00000016   Code   RO         1393    i._ZN4mbed6Ticker6detachEv  mbed.lib(ticker.o)
    0x0000641a   0x00000038   Code   RO         1394    i._ZN4mbed6Ticker7handlerEv  mbed.lib(ticker.o)
    0x00006452   0x00000002   PAD
    0x00006454   0x0000002c   Code   RO          791    i._ZN4mbed6TickerC1Ev  asteroids.o
    0x00006480   0x00000020   Code   RO          803    i._ZN4mbed6TickerD1Ev  asteroids.o
    0x000064a0   0x00000006   Code   RO         3403    i._ZN4mbed8FileBase11getPathTypeEv  mbed.lib(filebase.o)
    0x000064a6   0x00000002   PAD
    0x000064a8   0x00000038   Code   RO         3405    i._ZN4mbed8FileBase6lookupEPKcj  mbed.lib(filebase.o)
    0x000064e0   0x00000028   Code   RO         3407    i._ZN4mbed8FileBaseC1EPKcNS_8PathTypeE  mbed.lib(filebase.o)
    0x00006508   0x0000002c   Code   RO         2335    i._ZN4mbed8FileLikeC2EPKc  mbed.lib(filelike.o)
    0x00006534   0x00000014   Code   RO         3468    i._ZN4mbed8FilePath10fileSystemEv  mbed.lib(filepath.o)
    0x00006548   0x0000001c   Code   RO         3469    i._ZN4mbed8FilePath12isFileSystemEv  mbed.lib(filepath.o)
    0x00006564   0x0000001e   Code   RO         3470    i._ZN4mbed8FilePath4fileEv  mbed.lib(filepath.o)
    0x00006582   0x0000000e   Code   RO         3471    i._ZN4mbed8FilePath6existsEv  mbed.lib(filepath.o)
    0x00006590   0x0000001c   Code   RO         3472    i._ZN4mbed8FilePath6isFileEv  mbed.lib(filepath.o)
    0x000065ac   0x00000006   Code   RO         3473    i._ZN4mbed8FilePath8fileNameEv  mbed.lib(filepath.o)
    0x000065b2   0x00000056   Code   RO         3474    i._ZN4mbed8FilePathC1EPKc  mbed.lib(filepath.o)
    0x00006608   0x0000004c   Code   RO          779    i._ZN4mbed9DigitalIn4readEv  asteroids.o
    0x00006654   0x0000001a   Code   RO           96    i._ZN4mbed9DigitalInC1E7PinName  controller.o
    0x0000666e   0x00000002   PAD
    0x00006670   0x00000050   Code   RO           90    i._ZN4mbed9DigitalIncviEv  controller.o
    0x000066c0   0x00000026   Code   RO         3222    i._ZN5GFXFb10fillScreenEt  ebb.lib(gfxfb.o)
    0x000066e6   0x00000062   Code   RO         3224    i._ZN5GFXFb13drawFastHLineEssst  ebb.lib(gfxfb.o)
    0x00006748   0x00000068   Code   RO         3225    i._ZN5GFXFb13drawFastVLineEssst  ebb.lib(gfxfb.o)
    0x000067b0   0x00000046   Code   RO         3228    i._ZN5GFXFb9drawPixelEsst  ebb.lib(gfxfb.o)
    0x000067f6   0x00000002   PAD
    0x000067f8   0x00000028   Code   RO         3229    i._ZN5GFXFbC1EttPt  ebb.lib(gfxfb.o)
    0x00006820   0x0000003c   Code   RO         1965    i._ZN7Display10theDisplayEv  ebb.lib(display.o)
    0x0000685c   0x00000014   Code   RO         1967    i._ZN7Display5_putcEi  ebb.lib(display.o)
    0x00006870   0x00000150   Code   RO         1969    i._ZN7DisplayC1Ev   ebb.lib(display.o)
    0x000069c0   0x00000028   Code   RO         4502    i._Znwj             cpprt_w.l(new.o)
    0x000069e8   0x00000030   Code   RO         5106    i.__ARM_fpclassify  m_wm.l(fpclassify.o)
    0x00006a18   0x00000010   Code   RO         4509    i.__cxa_guard_acquire  cpprt_w.l(cxa_guard_acquire.o)
    0x00006a28   0x00000006   Code   RO         4506    i.__cxa_pure_virtual  cpprt_w.l(pure_virt.o)
    0x00006a2e   0x00000002   PAD
    0x00006a30   0x000000c8   Code   RO         4639    i.__hardfp_cos      m_wm.l(cos.o)
    0x00006af8   0x000000c8   Code   RO         4651    i.__hardfp_sin      m_wm.l(sin.o)
    0x00006bc0   0x00000438   Code   RO         4923    i.__ieee754_rem_pio2  m_wm.l(rred.o)
    0x00006ff8   0x00000170   Code   RO         4906    i.__kernel_cos      m_wm.l(cos_i.o)
    0x00007168   0x000000f8   Code   RO         5108    i.__kernel_poly     m_wm.l(poly.o)
    0x00007260   0x00000130   Code   RO         4928    i.__kernel_sin      m_wm.l(sin_i.o)
    0x00007390   0x00000014   Code   RO         4910    i.__mathlib_dbl_infnan  m_wm.l(dunder.o)
    0x000073a4   0x00000004   PAD
    0x000073a8   0x00000020   Code   RO         4912    i.__mathlib_dbl_invalid  m_wm.l(dunder.o)
    0x000073c8   0x00000020   Code   RO         4915    i.__mathlib_dbl_underflow  m_wm.l(dunder.o)
    0x000073e8   0x00000006   Code   RO         3300    i.__reserved_stack_size  ebb.lib(sdram.o)
    0x000073ee   0x00000002   PAD
    0x000073f0   0x00000044   Code   RO         3301    i.__rt_heap_extend  ebb.lib(sdram.o)
    0x00007434   0x00000068   Code   RO          754    i.__sti___13_asteroids_cpp_a01c579b  asteroids.o
    0x0000749c   0x00000038   Code   RO           61    i.__sti___14_controller_cpp_joystick  controller.o
    0x000074d4   0x00000010   Code   RO          484    i.__sti___8_view_cpp_graphics  view.o
    0x000074e4   0x00000030   Code   RO          984    i.__user_setup_stackheap  sys.o
    0x00007514   0x00000026   Code   RO         1043    i._gpio_init_in     mbed.lib(gpio.o)
    0x0000753a   0x00000034   Code   RO         1044    i._gpio_init_out    mbed.lib(gpio.o)
    0x0000756e   0x0000000e   Code   RO         4412    i._is_digit         c_w.l(__printf_wp.o)
    0x0000757c   0x00000030   Code   RO         2499    i._sys_close        mbed.lib(retarget.o)
    0x000075ac   0x0000002c   Code   RO         2502    i._sys_flen         mbed.lib(retarget.o)
    0x000075d8   0x0000002c   Code   RO         2503    i._sys_istty        mbed.lib(retarget.o)
    0x00007604   0x00000130   Code   RO         2504    i._sys_open         mbed.lib(retarget.o)
    0x00007734   0x00000030   Code   RO         2506    i._sys_seek         mbed.lib(retarget.o)
    0x00007764   0x00000064   Code   RO         2507    i._sys_write        mbed.lib(retarget.o)
    0x000077c8   0x00000020   Code   RO         2216    i.error             mbed.lib(error.o)
    0x000077e8   0x00000020   Code   RO         2509    i.exit              mbed.lib(retarget.o)
    0x00007808   0x00000018   Code   RO         5102    i.fabs              m_wm.l(fabs.o)
    0x00007820   0x00000050   Code   RO          950    i.fpu_init          system_lpc407x_8x_177x_8x.o
    0x00007870   0x0000001a   Code   RO         4439    i.fputc             c_w.l(fputc.o)
    0x0000788a   0x00000002   PAD
    0x0000788c   0x00000008   Code   RO         2306    i.get_us_ticker_data  mbed.lib(us_ticker_api.o)
    0x00007894   0x00000090   Code   RO         2400    i.gpio_dir          mbed.lib(gpio_api.o)
    0x00007924   0x00000038   Code   RO         2401    i.gpio_init         mbed.lib(gpio_api.o)
    0x0000795c   0x00000012   Code   RO         1045    i.gpio_init_in      mbed.lib(gpio.o)
    0x0000796e   0x00000014   Code   RO         1046    i.gpio_init_in_ex   mbed.lib(gpio.o)
    0x00007982   0x00000012   Code   RO         1048    i.gpio_init_out     mbed.lib(gpio.o)
    0x00007994   0x00000016   Code   RO         1049    i.gpio_init_out_ex  mbed.lib(gpio.o)
    0x000079aa   0x00000012   Code   RO         2402    i.gpio_mode         mbed.lib(gpio_api.o)
    0x000079bc   0x00000070   Code   RO         2403    i.gpio_set          mbed.lib(gpio_api.o)
    0x00007a2c   0x00000080   Code   RO         1050    i.gpio_write        mbed.lib(gpio.o)
    0x00007aac   0x00000080   Code   RO         4023    i.gpio_write        mbed.lib(board.o)
    0x00007b2c   0x00000016   Code   RO         4170    i.i2c_clear_SI      mbed.lib(i2c_api.o)
    0x00007b42   0x00000018   Code   RO         4171    i.i2c_conclr        mbed.lib(i2c_api.o)
    0x00007b5a   0x00000018   Code   RO         4172    i.i2c_conset        mbed.lib(i2c_api.o)
    0x00007b72   0x0000003e   Code   RO         4173    i.i2c_do_read       mbed.lib(i2c_api.o)
    0x00007bb0   0x00000020   Code   RO         4174    i.i2c_do_write      mbed.lib(i2c_api.o)
    0x00007bd0   0x0000001c   Code   RO         4175    i.i2c_frequency     mbed.lib(i2c_api.o)
    0x00007bec   0x00000144   Code   RO         4176    i.i2c_init          mbed.lib(i2c_api.o)
    0x00007d30   0x000000b0   Code   RO         4177    i.i2c_read          mbed.lib(i2c_api.o)
    0x00007de0   0x00000048   Code   RO         4286    i.i2c_start         mbed.lib(i2c_api.o)
    0x00007e28   0x00000008   Code   RO         4184    i.i2c_status        mbed.lib(i2c_api.o)
    0x00007e30   0x00000040   Code   RO         4292    i.i2c_stop          mbed.lib(i2c_api.o)
    0x00007e70   0x00000028   Code   RO         4185    i.i2c_wait_SI       mbed.lib(i2c_api.o)
    0x00007e98   0x00000082   Code   RO         4186    i.i2c_write         mbed.lib(i2c_api.o)
    0x00007f1a   0x00000002   PAD
    0x00007f1c   0x00000128   Code   RO          755    i.main              asteroids.o
    0x00008044   0x0000004c   Code   RO         1023    i.mbed_assert_internal  mbed.lib(assert.o)
    0x00008090   0x00000074   Code   RO         4024    i.mbed_die          mbed.lib(board.o)
    0x00008104   0x00000002   Code   RO         2510    i.mbed_main         mbed.lib(retarget.o)
    0x00008106   0x00000002   Code   RO         2511    i.mbed_sdk_init     mbed.lib(retarget.o)
    0x00008108   0x00000074   Code   RO         3751    i.pin_function      mbed.lib(pinmap.o)
    0x0000817c   0x0000008c   Code   RO         3752    i.pin_mode          mbed.lib(pinmap.o)
    0x00008208   0x00000020   Code   RO         4119    i.pinmap_find_peripheral  mbed.lib(pinmap_common.o)
    0x00008228   0x00000040   Code   RO         4121    i.pinmap_merge      mbed.lib(pinmap_common.o)
    0x00008268   0x0000004c   Code   RO         4122    i.pinmap_peripheral  mbed.lib(pinmap_common.o)
    0x000082b4   0x00000054   Code   RO         4123    i.pinmap_pinout     mbed.lib(pinmap_common.o)
    0x00008308   0x000000f4   Code   RO         3778    i.pwmout_init       mbed.lib(pwmout_api.o)
    0x000083fc   0x00000016   Code   RO         3780    i.pwmout_period_ms  mbed.lib(pwmout_api.o)
    0x00008412   0x00000002   PAD
    0x00008414   0x00000044   Code   RO         3781    i.pwmout_period_us  mbed.lib(pwmout_api.o)
    0x00008458   0x00000068   Code   RO         3786    i.pwmout_write      mbed.lib(pwmout_api.o)
    0x000084c0   0x00000144   Code   RO         3858    i.serial_baud       mbed.lib(serial_api.o)
    0x00008604   0x000000fc   Code   RO         3862    i.serial_format     mbed.lib(serial_api.o)
    0x00008700   0x000001ac   Code   RO         3865    i.serial_init       mbed.lib(serial_api.o)
    0x000088ac   0x00000018   Code   RO         3869    i.serial_putc       mbed.lib(serial_api.o)
    0x000088c4   0x0000000c   Code   RO         3871    i.serial_writable   mbed.lib(serial_api.o)
    0x000088d0   0x00000050   Code   RO         2254    i.ticker_insert_event  mbed.lib(ticker_api.o)
    0x00008920   0x0000005a   Code   RO         2255    i.ticker_irq_handler  mbed.lib(ticker_api.o)
    0x0000897a   0x0000000c   Code   RO         2256    i.ticker_read       mbed.lib(ticker_api.o)
    0x00008986   0x00000052   Code   RO         2257    i.ticker_remove_event  mbed.lib(ticker_api.o)
    0x000089d8   0x00000012   Code   RO         2258    i.ticker_set_handler  mbed.lib(ticker_api.o)
    0x000089ea   0x00000002   PAD
    0x000089ec   0x0000000c   Code   RO         2441    i.us_ticker_clear_interrupt  mbed.lib(us_ticker.o)
    0x000089f8   0x00000014   Code   RO         2442    i.us_ticker_disable_interrupt  mbed.lib(us_ticker.o)
    0x00008a0c   0x00000074   Code   RO         2443    i.us_ticker_init    mbed.lib(us_ticker.o)
    0x00008a80   0x00000010   Code   RO         2307    i.us_ticker_irq_handler  mbed.lib(us_ticker_api.o)
    0x00008a90   0x0000001c   Code   RO         2444    i.us_ticker_read    mbed.lib(us_ticker.o)
    0x00008aac   0x00000014   Code   RO         2445    i.us_ticker_set_interrupt  mbed.lib(us_ticker.o)
    0x00008ac0   0x00000028   Code   RO         1149    i.wait              mbed.lib(wait_api.o)
    0x00008ae8   0x00000012   Code   RO         1150    i.wait_ms           mbed.lib(wait_api.o)
    0x00008afa   0x00000018   Code   RO         1151    i.wait_us           mbed.lib(wait_api.o)
    0x00008b12   0x00000002   PAD
    0x00008b14   0x0000002c   Code   RO         5156    locale$$code        c_w.l(lc_numeric_c.o)
    0x00008b40   0x0000002c   Code   RO         5224    locale$$code        c_w.l(lc_ctype_c.o)
    0x00008b6c   0x00000008   Code   RO          797    t._ZN4mbed19FunctionPointerArg1IvvE6attachEPFvvE  asteroids.o
    0x00008b74   0x00000018   Code   RO         4885    x$fpl$basic         fz_wm.l(basic.o)
    0x00008b8c   0x00000062   Code   RO         4621    x$fpl$d2f           fz_wm.l(d2f.o)
    0x00008bee   0x00000002   PAD
    0x00008bf0   0x00000150   Code   RO         4623    x$fpl$dadd          fz_wm.l(daddsub_clz.o)
    0x00008d40   0x000002b0   Code   RO         5091    x$fpl$ddiv          fz_wm.l(ddiv.o)
    0x00008ff0   0x0000005e   Code   RO         5094    x$fpl$dfix          fz_wm.l(dfix.o)
    0x0000904e   0x0000002e   Code   RO         4630    x$fpl$dflt          fz_wm.l(dflt_clz.o)
    0x0000907c   0x00000026   Code   RO         4629    x$fpl$dfltu         fz_wm.l(dflt_clz.o)
    0x000090a2   0x00000002   PAD
    0x000090a4   0x00000154   Code   RO         4635    x$fpl$dmul          fz_wm.l(dmul.o)
    0x000091f8   0x0000009c   Code   RO         4887    x$fpl$dnaninf       fz_wm.l(dnaninf.o)
    0x00009294   0x0000000c   Code   RO         4889    x$fpl$dretinf       fz_wm.l(dretinf.o)
    0x000092a0   0x00000016   Code   RO         4624    x$fpl$drsb          fz_wm.l(daddsub_clz.o)
    0x000092b6   0x00000002   PAD
    0x000092b8   0x000001d4   Code   RO         4625    x$fpl$dsub          fz_wm.l(daddsub_clz.o)
    0x0000948c   0x00000056   Code   RO         4637    x$fpl$f2d           fz_wm.l(f2d.o)
    0x000094e2   0x0000008c   Code   RO         4891    x$fpl$fnaninf       fz_wm.l(fnaninf.o)
    0x0000956e   0x0000000a   Code   RO         5098    x$fpl$fpinit        fz_wm.l(fpinit.o)
    0x00009578   0x0000000a   Code   RO         4893    x$fpl$fretinf       fz_wm.l(fretinf.o)
    0x00009582   0x00000004   Code   RO         4895    x$fpl$printf1       fz_wm.l(printf1.o)
    0x00009586   0x00000004   Code   RO         4897    x$fpl$printf2       fz_wm.l(printf2.o)
    0x0000958a   0x00000000   Code   RO         4905    x$fpl$usenofp       fz_wm.l(usenofp.o)
    0x0000958a   0x00000002   PAD
    0x0000958c   0x00000028   Data   RO          495    .constdata          view.o
    0x000095b4   0x000004fb   Data   RO         1572    .constdata          ebb.lib(adafruit_gfx.o)
    0x00009aaf   0x00000001   PAD
    0x00009ab0   0x0000001c   Data   RO         2308    .constdata          mbed.lib(us_ticker_api.o)
    0x00009acc   0x00000017   Data   RO         2553    .constdata          mbed.lib(retarget.o)
    0x00009ae3   0x00000001   PAD
    0x00009ae4   0x00000190   Data   RO         3787    .constdata          mbed.lib(pwmout_api.o)
    0x00009c74   0x0000012c   Data   RO         3879    .constdata          mbed.lib(serial_api.o)
    0x00009da0   0x00000128   Data   RO         4187    .constdata          mbed.lib(i2c_api.o)
    0x00009ec8   0x00000028   Data   RO         4400    .constdata          c_w.l(_printf_hex_int_ll_ptr.o)
    0x00009ef0   0x00000011   Data   RO         4420    .constdata          c_w.l(__printf_flags_ss_wp.o)
    0x00009f01   0x00000003   PAD
    0x00009f04   0x00000008   Data   RO         4722    .constdata          c_w.l(_printf_wctomb.o)
    0x00009f0c   0x00000004   PAD
    0x00009f10   0x00000030   Data   RO         4907    .constdata          m_wm.l(cos_i.o)
    0x00009f40   0x000000c8   Data   RO         4925    .constdata          m_wm.l(rred.o)
    0x0000a008   0x00000028   Data   RO         4929    .constdata          m_wm.l(sin_i.o)
    0x0000a030   0x00000026   Data   RO         4974    .constdata          c_w.l(_printf_fp_hex.o)
    0x0000a056   0x00000002   PAD
    0x0000a058   0x00000094   Data   RO         5129    .constdata          c_w.l(bigflt0.o)
    0x0000a0ec   0x0000001c   Data   RO         3197    .constdata__ZTV10EaLcdBoard  ebb.lib(ealcdboard.o)
    0x0000a108   0x0000002c   Data   RO         1712    .constdata__ZTV12Adafruit_GFX  ebb.lib(adafruit_gfx.o)
    0x0000a134   0x0000001c   Data   RO         2817    .constdata__ZTV14EaLcdBoardGPIO  ebb.lib(ealcdboardgpio.o)
    0x0000a150   0x0000002c   Data   RO         3281    .constdata__ZTV5GFXFb  ebb.lib(gfxfb.o)
    0x0000a17c   0x00000070   Data   RO         2021    .constdata__ZTV7Display  ebb.lib(display.o)
    0x0000a1ec   0x0000002c   Data   RO         2719    .constdata__ZTVN4mbed10FileHandleE  mbed.lib(retarget.o)
    0x0000a218   0x00000014   Data   RO         1508    .constdata__ZTVN4mbed10TimerEventE  mbed.lib(timerevent.o)
    0x0000a22c   0x00000044   Data   RO         1304    .constdata__ZTVN4mbed6StreamE  mbed.lib(stream.o)
    0x0000a270   0x00000014   Data   RO         1420    .constdata__ZTVN4mbed6TickerE  mbed.lib(ticker.o)
    0x0000a284   0x00000010   Data   RO         3454    .constdata__ZTVN4mbed8FileBaseE  mbed.lib(filebase.o)
    0x0000a294   0x0000003c   Data   RO         2366    .constdata__ZTVN4mbed8FileLikeE  mbed.lib(filelike.o)
    0x0000a2d0   0x00000048   Data   RO           66    .conststring        controller.o
    0x0000a318   0x00000042   Data   RO         3788    .conststring        mbed.lib(pwmout_api.o)
    0x0000a35a   0x00000002   PAD
    0x0000a35c   0x000000c6   Data   RO         3880    .conststring        mbed.lib(serial_api.o)
    0x0000a422   0x00000002   PAD
    0x0000a424   0x00000020   Data   RO         5287    Region$$Table       anon$$obj.o
    0x0000a444   0x0000001c   Data   RO         5155    locale$$data        c_w.l(lc_numeric_c.o)
    0x0000a460   0x00000110   Data   RO         5223    locale$$data        c_w.l(lc_ctype_c.o)
    0x0000a570   0x00000004   Data   RO           67    .init_array         controller.o
    0x0000a574   0x00000004   Data   RO          497    .init_array         view.o
    0x0000a578   0x00000004   Data   RO          761    .init_array         asteroids.o
    0x0000a57c   0x00000000   Data   RO         4494    .init_array         c_w.l(init_aeabi.o)


    Execution Region RW_IRAM1 (Base: 0x100000e8, Size: 0x00000868, Max: 0x0000ff18, ABSOLUTE)

    Base Addr    Size         Type   Attr      Idx    E Section Name        Object

    0x100000e8   0x00000012   Data   RW          496    .data               view.o
    0x100000fa   0x00000002   PAD
    0x100000fc   0x00000025   Data   RW          760    .data               asteroids.o
    0x10000121   0x00000003   PAD
    0x10000124   0x00000010   Data   RW          951    .data               system_lpc407x_8x_177x_8x.o
    0x10000134   0x00000008   Data   RW         1983    .data               ebb.lib(display.o)
    0x1000013c   0x00000008   Data   RW         2309    .data               mbed.lib(us_ticker_api.o)
    0x10000144   0x00000004   Data   RW         2446    .data               mbed.lib(us_ticker.o)
    0x10000148   0x00000010   Data   RW         3312    .data               ebb.lib(sdram.o)
    0x10000158   0x00000004   Data   RW         3417    .data               mbed.lib(filebase.o)
    0x1000015c   0x00000004   Data   RW         3690    .data               mbed.lib(i2c.o)
    0x10000160   0x00000004   Data   RW         3789    .data               mbed.lib(pwmout_api.o)
    0x10000164   0x00000010   Data   RW         3881    .data               mbed.lib(serial_api.o)
    0x10000174   0x00000001   Data   RW         4067    .data               ebb.lib(lcdcontroller.o)
    0x10000175   0x00000003   PAD
    0x10000178   0x00000004   Data   RW         4451    .data               c_w.l(stdio_streams.o)
    0x1000017c   0x00000004   Data   RW         4452    .data               c_w.l(stdio_streams.o)
    0x10000180   0x00000004   Data   RW         4453    .data               c_w.l(stdio_streams.o)
    0x10000184   0x00000078   Zero   RW           65    .bss                controller.o
    0x100001fc   0x00000004   PAD
    0x10000200   0x00000108   Zero   RW          758    .bss                asteroids.o
    0x10000308   0x00000040   Zero   RW         2552    .bss                mbed.lib(retarget.o)
    0x10000348   0x00000400   Zero   RW         3054    .bss                ebb.lib(ealcdboard.o)
    0x10000748   0x00000054   Zero   RW         4448    .bss                c_w.l(stdio_streams.o)
    0x1000079c   0x00000054   Zero   RW         4449    .bss                c_w.l(stdio_streams.o)
    0x100007f0   0x00000054   Zero   RW         4450    .bss                c_w.l(stdio_streams.o)
    0x10000844   0x000000e4   Zero   RW         4468    .bss                c_w.l(rand.o)
    0x10000928   0x00000004   Zero   RW         4667    .bss                c_w.l(rt_heap_descriptor.o)
    0x1000092c   0x00000004   Zero   RW         4672    .bss                c_w.l(rt_new_handler_addr.o)
    0x10000930   0x00000004   Zero   RW         4677    .bss                c_w.l(rt_ddtor_pointer_addr.o)
    0x10000934   0x00000004   Zero   RW         4955    .bss                c_w.l(rt_errno_addr.o)
    0x10000938   0x00000014   Zero   RW         5115    .bss                c_w.l(rt_locale.o)
    0x1000094c   0x00000004   Zero   RW         5120    .bss                c_w.l(rt_eh_globals_addr.o)


    Execution Region RW_IRAM2 (Base: 0x20000000, Size: 0x00000000, Max: 0x00004000, ABSOLUTE)

    **** No section assigned to this execution region ****


    Execution Region RW_IRAM3 (Base: 0x20004000, Size: 0x00000000, Max: 0x00004000, ABSOLUTE)

    **** No section assigned to this execution region ****



  Load Region LR_IROM2 (Base: 0x28000000, Size: 0x00000000, Max: 0x01000000, ABSOLUTE)

    Execution Region ER_IROM2 (Base: 0x28000000, Size: 0x00000000, Max: 0x01000000, ABSOLUTE)

    **** No section assigned to this execution region ****


==============================================================================

Image component sizes


      Code (inc. data)   RO Data    RW Data    ZI Data      Debug   Object Name

       620        156          4         37        264       8223   asteroids.o
        64          6          0          0          0      28185   cmsis_nvic.o
       478         76         76          0        120      12137   controller.o
        18          0          0          0          0        372   factorial.o
      2316        156          0          0          0       8451   model.o
        40         12        228          0          0       1284   startup_lpc407x_8x_177x_8x.o
        48          6          0          0          0       3309   sys.o
      1040         62          0         16          0       4948   system_lpc407x_8x_177x_8x.o
         0          0          0          0          0       5621   utils.o
      2936        400         44         18          0      53108   view.o

    ----------------------------------------------------------------------
      7564        874        384         76        388     125638   Object Totals
         0          0         32          0          0          0   (incl. Generated)
         4          0          0          5          4          0   (incl. Padding)

    ----------------------------------------------------------------------

      Code (inc. data)   RO Data    RW Data    ZI Data      Debug   Library Member Name

        60          8          0          0          0         84   __0sscanf.o
        44          6          0          0          0         84   __2sprintf.o
         8          0          0          0          0         68   __main.o
       392          4         17          0          0         92   __printf_flags_ss_wp.o
        14          0          0          0          0         68   __printf_wp.o
         0          0          0          0          0          0   __rtentry.o
        12          0          0          0          0          0   __rtentry2.o
         6          0          0          0          0          0   __rtentry4.o
        52          8          0          0          0          0   __scatter.o
        26          0          0          0          0          0   __scatter_copy.o
        28          0          0          0          0          0   __scatter_zi.o
        28          0          0          0          0         68   _chval.o
         6          0          0          0          0          0   _printf_a.o
         6          0          0          0          0          0   _printf_c.o
        44          0          0          0          0        108   _printf_char.o
        48          6          0          0          0         96   _printf_char_common.o
        36          4          0          0          0         80   _printf_char_file.o
        40          0          0          0          0         68   _printf_charcount.o
         6          0          0          0          0          0   _printf_d.o
       120         16          0          0          0         92   _printf_dec.o
         6          0          0          0          0          0   _printf_e.o
         6          0          0          0          0          0   _printf_f.o
      1050          0          0          0          0        216   _printf_fp_dec.o
       764          8         38          0          0        100   _printf_fp_hex.o
       128         16          0          0          0         84   _printf_fp_infnan.o
         6          0          0          0          0          0   _printf_g.o
       148          4         40          0          0        160   _printf_hex_int_ll_ptr.o
         6          0          0          0          0          0   _printf_i.o
       178          0          0          0          0         88   _printf_intcommon.o
        10          0          0          0          0          0   _printf_l.o
         6          0          0          0          0          0   _printf_lc.o
        10          0          0          0          0          0   _printf_ll.o
         6          0          0          0          0          0   _printf_lld.o
         6          0          0          0          0          0   _printf_lli.o
         6          0          0          0          0          0   _printf_llo.o
         6          0          0          0          0          0   _printf_llu.o
         6          0          0          0          0          0   _printf_llx.o
       124         16          0          0          0         92   _printf_longlong_dec.o
         6          0          0          0          0          0   _printf_ls.o
         6          0          0          0          0          0   _printf_n.o
         6          0          0          0          0          0   _printf_o.o
       112          8          0          0          0        124   _printf_oct_int_ll.o
         6          0          0          0          0          0   _printf_p.o
        78          0          0          0          0        108   _printf_pad.o
         0          0          0          0          0          0   _printf_percent.o
         4          0          0          0          0          0   _printf_percent_end.o
         6          0          0          0          0          0   _printf_s.o
        82          0          0          0          0         80   _printf_str.o
        36          0          0          0          0         84   _printf_truncate.o
         6          0          0          0          0          0   _printf_u.o
        44          0          0          0          0        108   _printf_wchar.o
       188          6          8          0          0         92   _printf_wctomb.o
         6          0          0          0          0          0   _printf_x.o
        22          0          0          0          0        100   _rserrno.o
       884          6          0          0          0        100   _scanf.o
       332          0          0          0          0         96   _scanf_int.o
        64          0          0          0          0         84   _sgetc.o
        10          0          0          0          0         68   _sputc.o
        64          0          0          0          0         92   _wcrtomb.o
        22          0          0          0          0         80   abort.o
        46          0          0          0          0         84   aeabi_atexit.o
       220          4        148          0          0         96   bigflt0.o
      1910        128          0          0          0        672   btod.o
        10          0          0          0          0         68   c89vfprintf.o
        66          0          0          0          0         84   cxa_finalize.o
        48         34          0          0          0         76   defsig_abrt_inner.o
        14          0          0          0          0         80   defsig_abrt_outer.o
        10          0          0          0          0         68   defsig_exit.o
        50          0          0          0          0         88   defsig_general.o
        48         34          0          0          0         76   defsig_pvfn_inner.o
        14          0          0          0          0         80   defsig_pvfn_outer.o
        80         58          0          0          0         76   defsig_rtmem_inner.o
        14          0          0          0          0         80   defsig_rtmem_outer.o
        52         38          0          0          0         76   defsig_rtred_inner.o
        14          0          0          0          0         80   defsig_rtred_outer.o
        76          0          0          0          0         88   fclose.o
         8          0          0          0          0         68   ferror.o
       100          4          0          0          0        120   fflush.o
       470          0          0          0          0         88   flsbuf.o
       236          4          0          0          0        128   fopen.o
        26          0          0          0          0         68   fputc.o
       248          6          0          0          0         84   fseek.o
        66          0          0          0          0         76   ftell.o
        94          0          0          0          0         80   h1_alloc.o
        52          0          0          0          0         68   h1_extend.o
        78          0          0          0          0         80   h1_free.o
        14          0          0          0          0         84   h1_init.o
         8          0          0          0          0         84   heapauxmm.o
         4          0          0          0          0        136   hguard.o
         0          0          0          0          0          0   indicate_semi.o
        36         10          0          0          0         80   init_aeabi.o
       138          0          0          0          0        168   init_alloc.o
       312         46          0          0          0        112   initio.o
        18          0          0          0          0         76   isspace.o
        44         10        272          0          0         76   lc_ctype_c.o
        44         10         28          0          0         76   lc_numeric_c.o
         2          0          0          0          0          0   libinit.o
        54          0          0          0          0          0   libinit2.o
         0          0          0          0          0          0   libshutdown2.o
       138          0          0          0          0         80   lludiv10.o
         0          0          0          0          0          0   maybetermalloc1.o
       112         18          0          0        228        160   rand.o
        16          4          0          0          0         76   rt_ctype_table.o
         8          4          0          0          4         68   rt_ddtor_pointer_addr.o
         8          4          0          0          4         68   rt_eh_globals_addr.o
         8          4          0          0          4         68   rt_errno_addr.o
         8          4          0          0          4         68   rt_heap_descriptor.o
         8          4          0          0         20         68   rt_locale.o
        68          0          0          0          0         68   rt_memclr.o
        78          0          0          0          0         80   rt_memclr_w.o
         8          4          0          0          4         68   rt_new_handler_addr.o
        44          8          0          0          0         84   scanf_char.o
        20          0          0          0          0         68   setbuf.o
        70          0          0          0          0         80   setvbuf.o
       240          6          0          0          0        156   stdio.o
         0          0          0         12        252          0   stdio_streams.o
       128          0          0          0          0         68   strcmpv7m.o
        62          0          0          0          0         76   strlen.o
       150          0          0          0          0         80   strncmp.o
        12          4          0          0          0         68   sys_exit.o
        14          0          0          0          0         76   sys_wrch.o
         2          0          0          0          0         68   use_no_semi.o
        10          0          0          0          0         68   vfprintf.o
        80         12          0          0          0        104   arm_exceptions_globs.o
        60          0          0          0          0        108   arm_exceptions_mem.o
        26          0          0          0          0         76   arm_exceptions_terminate.o
         4          0          0          0          0         68   arm_newhandler_noexceptions.o
        16          0          0          0          0         68   cxa_guard_acquire.o
        40          6          0          0          0         76   new.o
         6          0          0          0          0         68   pure_virt.o
      1556         10       1319          0          0      23056   adafruit_gfx.o
       512         74        112          8          0      44304   display.o
      1810         52         28          0       1024      22924   ealcdboard.o
       488         58         28          0          0      39872   ealcdboardgpio.o
       350          4         44          0          0       5628   gfxfb.o
      1026         62          0          1          0       6364   lcdcontroller.o
      1694         98          0         16          0       7292   sdram.o
        24          0          0          0          0        164   basic.o
        98          4          0          0          0        140   d2f.o
       826         16          0          0          0        492   daddsub_clz.o
       688        140          0          0          0        256   ddiv.o
        94          4          0          0          0        140   dfix.o
        84          0          0          0          0        232   dflt_clz.o
       340         12          0          0          0        152   dmul.o
       156          4          0          0          0        140   dnaninf.o
        12          0          0          0          0        116   dretinf.o
        86          4          0          0          0        132   f2d.o
       140          4          0          0          0        132   fnaninf.o
        10          0          0          0          0        116   fpinit.o
        10          0          0          0          0        116   fretinf.o
         4          0          0          0          0        116   printf1.o
         4          0          0          0          0        116   printf2.o
         0          0          0          0          0          0   usenofp.o
       200         20          0          0          0        164   cos.o
       368         46         48          0          0        200   cos_i.o
        84         16          0          0          0        372   dunder.o
        24          0          0          0          0        124   fabs.o
        48          0          0          0          0        124   fpclassify.o
       248          0          0          0          0        152   poly.o
      1080        142        200          0          0        188   rred.o
       200         20          0          0          0        164   sin.o
       304         24         40          0          0        208   sin_i.o
        76         54          0          0          0        659   assert.o
       244         82          0          0          0       1199   board.o
        32          4          0          0          0       1096   error.o
       102         12         16          4          0       1952   filebase.o
       102         10         60          0          0       3612   filelike.o
       212          0          0          0          0       6336   filepath.o
       296         82          0          0          0      32384   gpio.o
       330        154          0          0          0       3410   gpio_api.o
       192         16          0          4          0       4368   i2c.o
      1006        122        296          0          0      11801   i2c_api.o
       256        148          0          0          0       1778   pinmap.o
       256         76          0          0          0       2976   pinmap_common.o
       438         68        466          4          0       4131   pwmout_api.o
       686         68         67          0         64      15722   retarget.o
      1040        144        498         16          0       6995   serial_api.o
       184         14         68          0          0      37004   stream.o
       112          0         20          0          0       5752   ticker.o
       282          0          0          0          0       3732   ticker_api.o
       118         16         20          0          0       2632   timerevent.o
       196         48          0          4          0      29756   us_ticker.o
        24         10         28          8          0       1541   us_ticker_api.o
        82          4          0          0          0       3139   wait_api.o

    ----------------------------------------------------------------------
     30492       2530       3924         80       1608     344491   Library Totals
        58          0         15          3          0          0   (incl. Padding)

    ----------------------------------------------------------------------

      Code (inc. data)   RO Data    RW Data    ZI Data      Debug   Library Name

     11368        566        551         12        520       8252   c_w.l
       232         18          0          0          0        568   cpprt_w.l
      7436        358       1531         25       1024     149440   ebb.lib
      2576        188          0          0          0       2560   fz_wm.l
      2556        268        288          0          0       1696   m_wm.l
      6266       1132       1539         40         64     181975   mbed.lib

    ----------------------------------------------------------------------
     30492       2530       3924         80       1608     344491   Library Totals

    ----------------------------------------------------------------------

==============================================================================


      Code (inc. data)   RO Data    RW Data    ZI Data      Debug   

     38056       3404       4308        156       1996     441681   Grand Totals
     38056       3404       4308        156       1996     441681   ELF Image Totals
     38056       3404       4308        156          0          0   ROM Totals

==============================================================================

    Total RO  Size (Code + RO Data)                42364 (  41.37kB)
    Total RW  Size (RW Data + ZI Data)              2152 (   2.10kB)
    Total ROM Size (Code + RO Data + RW Data)      42520 (  41.52kB)

==============================================================================

