Component: ARM Compiler 5.06 update 3 (build 300) Tool: armlink [4d35c9]

==============================================================================

Removing Unused input sections from the image.

    Removing main.o(.rev16_text), (4 bytes).
    Removing main.o(.revsh_text), (4 bytes).
    Removing main.o(.ARM.exidx), (8 bytes).
    Removing main.o(.ARM.exidx), (8 bytes).
    Removing main.o(.ARM.exidx), (8 bytes).
    Removing main.o(.ARM.exidx), (8 bytes).
    Removing main.o(.ARM.exidx), (8 bytes).
    Removing main.o(.ARM.exidx), (8 bytes).
    Removing main.o(.ARM.exidx), (8 bytes).
    Removing main.o(.ARM.exidx), (8 bytes).
    Removing main.o(.ARM.exidx), (8 bytes).
    Removing main.o(.ARM.exidx), (8 bytes).
    Removing main.o(.ARM.exidx), (8 bytes).
    Removing main.o(.ARM.exidx), (8 bytes).
    Removing main.o(.ARM.exidx), (8 bytes).
    Removing main.o(.ARM.exidx), (8 bytes).
    Removing cmsis_nvic.o(.rev16_text), (4 bytes).
    Removing cmsis_nvic.o(.revsh_text), (4 bytes).
    Removing cmsis_nvic.o(i.NVIC_GetVector), (20 bytes).
    Removing system_lpc407x_8x_177x_8x.o(.rev16_text), (4 bytes).
    Removing system_lpc407x_8x_177x_8x.o(.revsh_text), (4 bytes).
    Removing sys.o(.ARM.exidx), (8 bytes).
    Removing sys_helper.o(i.__reserved_stack_size), (4 bytes).
    Removing sys_helper.o(.ARM.exidx), (8 bytes).
    Removing gpio.o(.rev16_text), (4 bytes).
    Removing gpio.o(.revsh_text), (4 bytes).
    Removing gpio.o(i.gpio_init_inout), (56 bytes).
    Removing stream.o(.rev16_text), (4 bytes).
    Removing stream.o(.revsh_text), (4 bytes).
    Removing stream.o(i._ZN4mbed6Stream4getcEv), (18 bytes).
    Removing stream.o(i._ZN4mbed6Stream4getsEPci), (26 bytes).
    Removing stream.o(i._ZN4mbed6Stream4putcEi), (22 bytes).
    Removing stream.o(i._ZN4mbed6Stream4putsEPKc), (22 bytes).
    Removing stream.o(i._ZN4mbed6Stream4readEPvj), (54 bytes).
    Removing stream.o(i._ZN4mbed6Stream5fsyncEv), (6 bytes).
    Removing stream.o(i._ZN4mbed6Stream5scanfEPKcz), (40 bytes).
    Removing stream.o(i._ZN4mbed6StreamD0Ev), (18 bytes).
    Removing stream.o(i._ZN4mbed6StreamD2Ev), (36 bytes).
    Removing stream.o(i._ZThn4_N4mbed6StreamD0Ev), (14 bytes).
    Removing stream.o(i._ZThn4_N4mbed6StreamD1Ev), (14 bytes).
    Removing stream.o(.ARM.exidx), (8 bytes).
    Removing stream.o(.ARM.exidx), (8 bytes).
    Removing stream.o(.ARM.exidx), (8 bytes).
    Removing stream.o(.ARM.exidx), (8 bytes).
    Removing stream.o(.ARM.exidx), (8 bytes).
    Removing stream.o(.ARM.exidx), (8 bytes).
    Removing stream.o(.ARM.exidx), (8 bytes).
    Removing stream.o(.ARM.exidx), (8 bytes).
    Removing stream.o(.ARM.exidx), (8 bytes).
    Removing stream.o(.ARM.exidx), (8 bytes).
    Removing stream.o(.ARM.exidx), (8 bytes).
    Removing stream.o(.ARM.exidx), (8 bytes).
    Removing stream.o(.ARM.exidx), (8 bytes).
    Removing stream.o(.ARM.exidx), (8 bytes).
    Removing stream.o(.ARM.exidx), (8 bytes).
    Removing stream.o(.ARM.exidx), (8 bytes).
    Removing stream.o(.ARM.exidx), (8 bytes).
    Removing stream.o(.ARM.exidx), (8 bytes).
    Removing analogin_api.o(.rev16_text), (4 bytes).
    Removing analogin_api.o(.revsh_text), (4 bytes).
    Removing analogin_api.o(i.analogin_read_u16), (24 bytes).
    Removing adafruit_gfx.o(.rev16_text), (4 bytes).
    Removing adafruit_gfx.o(.revsh_text), (4 bytes).
    Removing adafruit_gfx.o(i._ZN12Adafruit_GFX10drawBitmapEssPKhsst), (110 bytes).
    Removing adafruit_gfx.o(i._ZN12Adafruit_GFX10drawCircleEssst), (356 bytes).
    Removing adafruit_gfx.o(i._ZN12Adafruit_GFX10fillCircleEssst), (64 bytes).
    Removing adafruit_gfx.o(i._ZN12Adafruit_GFX10fillScreenEt), (32 bytes).
    Removing adafruit_gfx.o(i._ZN12Adafruit_GFX11getRotationEv), (6 bytes).
    Removing adafruit_gfx.o(i._ZN12Adafruit_GFX11setRotationEh), (52 bytes).
    Removing adafruit_gfx.o(i._ZN12Adafruit_GFX11setTextSizeEh), (14 bytes).
    Removing adafruit_gfx.o(i._ZN12Adafruit_GFX11setTextWrapEb), (4 bytes).
    Removing adafruit_gfx.o(i._ZN12Adafruit_GFX12drawTriangleEsssssst), (86 bytes).
    Removing adafruit_gfx.o(i._ZN12Adafruit_GFX12fillTriangleEsssssst), (440 bytes).
    Removing adafruit_gfx.o(i._ZN12Adafruit_GFX12setTextColorEt), (6 bytes).
    Removing adafruit_gfx.o(i._ZN12Adafruit_GFX13drawFastHLineEssst), (44 bytes).
    Removing adafruit_gfx.o(i._ZN12Adafruit_GFX13drawRoundRectEssssst), (258 bytes).
    Removing adafruit_gfx.o(i._ZN12Adafruit_GFX13fillRoundRectEssssst), (126 bytes).
    Removing adafruit_gfx.o(i._ZN12Adafruit_GFX13invertDisplayEb), (2 bytes).
    Removing adafruit_gfx.o(i._ZN12Adafruit_GFX16drawCircleHelperEsssht), (298 bytes).
    Removing adafruit_gfx.o(i._ZN12Adafruit_GFX16fillCircleHelperEssshst), (246 bytes).
    Removing adafruit_gfx.o(i._ZN12Adafruit_GFX8drawRectEsssst), (104 bytes).
    Removing adafruit_gfx.o(.ARM.exidx), (8 bytes).
    Removing adafruit_gfx.o(.ARM.exidx), (8 bytes).
    Removing adafruit_gfx.o(.ARM.exidx), (8 bytes).
    Removing adafruit_gfx.o(.ARM.exidx), (8 bytes).
    Removing adafruit_gfx.o(.ARM.exidx), (8 bytes).
    Removing adafruit_gfx.o(.ARM.exidx), (8 bytes).
    Removing adafruit_gfx.o(.ARM.exidx), (8 bytes).
    Removing adafruit_gfx.o(.ARM.exidx), (8 bytes).
    Removing adafruit_gfx.o(.ARM.exidx), (8 bytes).
    Removing adafruit_gfx.o(.ARM.exidx), (8 bytes).
    Removing adafruit_gfx.o(.ARM.exidx), (8 bytes).
    Removing adafruit_gfx.o(.ARM.exidx), (8 bytes).
    Removing adafruit_gfx.o(.ARM.exidx), (8 bytes).
    Removing adafruit_gfx.o(.ARM.exidx), (8 bytes).
    Removing adafruit_gfx.o(.ARM.exidx), (8 bytes).
    Removing adafruit_gfx.o(.ARM.exidx), (8 bytes).
    Removing adafruit_gfx.o(.ARM.exidx), (8 bytes).
    Removing adafruit_gfx.o(.ARM.exidx), (8 bytes).
    Removing adafruit_gfx.o(.ARM.exidx), (8 bytes).
    Removing adafruit_gfx.o(.ARM.exidx), (8 bytes).
    Removing adafruit_gfx.o(.ARM.exidx), (8 bytes).
    Removing adafruit_gfx.o(.ARM.exidx), (8 bytes).
    Removing adafruit_gfx.o(.ARM.exidx), (8 bytes).
    Removing adafruit_gfx.o(.ARM.exidx), (8 bytes).
    Removing adafruit_gfx.o(.ARM.exidx), (8 bytes).
    Removing adafruit_gfx.o(.ARM.exidx), (8 bytes).
    Removing adafruit_gfx.o(.ARM.exidx), (8 bytes).
    Removing adafruit_gfx.o(.ARM.exidx), (8 bytes).
    Removing mma7455.o(.rev16_text), (4 bytes).
    Removing mma7455.o(.revsh_text), (4 bytes).
    Removing mma7455.o(i._ZN7MMA745514getModeControlEv), (66 bytes).
    Removing mma7455.o(i._ZN7MMA745514setModeControlEh), (52 bytes).
    Removing mma7455.o(i._ZN7MMA745521getCalibrationOffsetsERiS0_S0_), (20 bytes).
    Removing mma7455.o(i._ZN7MMA745521setCalibrationOffsetsEiii), (14 bytes).
    Removing mma7455.o(i._ZN7MMA74557setModeENS_4ModeE), (62 bytes).
    Removing mma7455.o(i._ZN7MMA74558setRangeENS_5RangeE), (64 bytes).
    Removing mma7455.o(i._ZN7MMA74559calibrateEv), (170 bytes).
    Removing mma7455.o(.ARM.exidx), (8 bytes).
    Removing mma7455.o(.ARM.exidx), (8 bytes).
    Removing mma7455.o(.ARM.exidx), (8 bytes).
    Removing mma7455.o(.ARM.exidx), (8 bytes).
    Removing mma7455.o(.ARM.exidx), (8 bytes).
    Removing mma7455.o(.ARM.exidx), (8 bytes).
    Removing mma7455.o(.ARM.exidx), (8 bytes).
    Removing mma7455.o(.ARM.exidx), (8 bytes).
    Removing mma7455.o(.ARM.exidx), (8 bytes).
    Removing mma7455.o(.ARM.exidx), (8 bytes).
    Removing display.o(.rev16_text), (4 bytes).
    Removing display.o(.revsh_text), (4 bytes).
    Removing display.o(i._ZN7Display5_getcEv), (8 bytes).
    Removing display.o(i._ZN7Display6initOkEv), (16 bytes).
    Removing display.o(i._ZN7DisplayD0Ev), (18 bytes).
    Removing display.o(i._ZN7DisplayD1Ev), (52 bytes).
    Removing display.o(i._ZThn4_N7DisplayD0Ev), (14 bytes).
    Removing display.o(i._ZThn4_N7DisplayD1Ev), (14 bytes).
    Removing display.o(.ARM.exidx), (8 bytes).
    Removing display.o(.ARM.exidx), (8 bytes).
    Removing display.o(.ARM.exidx), (8 bytes).
    Removing display.o(.ARM.exidx), (8 bytes).
    Removing display.o(.ARM.exidx), (8 bytes).
    Removing display.o(.ARM.exidx), (8 bytes).
    Removing display.o(.ARM.exidx), (8 bytes).
    Removing display.o(.ARM.exidx), (8 bytes).
    Removing display.o(.ARM.exidx), (8 bytes).
    Removing os_core.o(i.OSEventNameGet), (104 bytes).
    Removing os_core.o(i.OSIntEnter), (36 bytes).
    Removing os_core.o(i.OSStatInit), (76 bytes).
    Removing os_core.o(i.OSVersion), (6 bytes).
    Removing os_core.o(i.OS_MemCopy), (20 bytes).
    Removing os_core.o(i.OS_StrLen), (20 bytes).
    Removing os_sem.o(i.OSSemAccept), (42 bytes).
    Removing os_sem.o(i.OSSemDel), (224 bytes).
    Removing os_sem.o(i.OSSemPendAbort), (128 bytes).
    Removing os_sem.o(i.OSSemQuery), (76 bytes).
    Removing os_sem.o(i.OSSemSet), (66 bytes).
    Removing os_task.o(i.OSTaskDelReq), (108 bytes).
    Removing os_task.o(i.OSTaskNameGet), (128 bytes).
    Removing os_task.o(i.OSTaskQuery), (92 bytes).
    Removing os_task.o(i.OSTaskRegGet), (68 bytes).
    Removing os_task.o(i.OSTaskRegGetID), (64 bytes).
    Removing os_task.o(i.OSTaskRegSet), (72 bytes).
    Removing os_task.o(i.OSTaskResume), (172 bytes).
    Removing os_time.o(i.OSTimeDlyResume), (180 bytes).
    Removing os_time.o(i.OSTimeGet), (28 bytes).
    Removing os_time.o(i.OSTimeSet), (28 bytes).
    Removing error.o(.rev16_text), (4 bytes).
    Removing error.o(.revsh_text), (4 bytes).
    Removing pinmap_common.o(.rev16_text), (4 bytes).
    Removing pinmap_common.o(.revsh_text), (4 bytes).
    Removing pinmap_common.o(i.pinmap_find_function), (32 bytes).
    Removing pinmap_common.o(i.pinmap_function), (76 bytes).
    Removing wait_api.o(.rev16_text), (4 bytes).
    Removing wait_api.o(.revsh_text), (4 bytes).
    Removing filelike.o(.rev16_text), (4 bytes).
    Removing filelike.o(.revsh_text), (4 bytes).
    Removing filelike.o(i._ZN4mbed8FileLikeD0Ev), (18 bytes).
    Removing filelike.o(i._ZN4mbed8FileLikeD2Ev), (24 bytes).
    Removing filelike.o(i._ZThn4_N4mbed8FileLikeD0Ev), (14 bytes).
    Removing filelike.o(i._ZThn4_N4mbed8FileLikeD1Ev), (14 bytes).
    Removing filelike.o(.ARM.exidx), (8 bytes).
    Removing filelike.o(.ARM.exidx), (8 bytes).
    Removing filelike.o(.ARM.exidx), (8 bytes).
    Removing filelike.o(.ARM.exidx), (8 bytes).
    Removing filelike.o(.ARM.exidx), (8 bytes).
    Removing i2c.o(.rev16_text), (4 bytes).
    Removing i2c.o(.revsh_text), (4 bytes).
    Removing i2c.o(i._ZN4mbed3I2C4readEi), (28 bytes).
    Removing i2c.o(i._ZN4mbed3I2C4stopEv), (12 bytes).
    Removing i2c.o(i._ZN4mbed3I2C5startEv), (12 bytes).
    Removing i2c.o(i._ZN4mbed3I2C5writeEi), (16 bytes).
    Removing i2c.o(i._ZN4mbed3I2C9frequencyEi), (28 bytes).
    Removing i2c.o(.ARM.exidx), (8 bytes).
    Removing i2c.o(.ARM.exidx), (8 bytes).
    Removing i2c.o(.ARM.exidx), (8 bytes).
    Removing i2c.o(.ARM.exidx), (8 bytes).
    Removing i2c.o(.ARM.exidx), (8 bytes).
    Removing i2c.o(.ARM.exidx), (8 bytes).
    Removing i2c.o(.ARM.exidx), (8 bytes).
    Removing i2c.o(.ARM.exidx), (8 bytes).
    Removing i2c.o(.ARM.exidx), (8 bytes).
    Removing gpio_api.o(.rev16_text), (4 bytes).
    Removing gpio_api.o(.revsh_text), (4 bytes).
    Removing retarget.o(.rev16_text), (4 bytes).
    Removing retarget.o(.revsh_text), (4 bytes).
    Removing retarget.o(i._ZN4mbed10FileHandleD0Ev), (18 bytes).
    Removing retarget.o(i._ZN4mbed10FileHandleD2Ev), (48 bytes).
    Removing retarget.o(i._ZN4mbed9mbed_getcEPSt6__FILE), (12 bytes).
    Removing retarget.o(i._ZN4mbed9mbed_getsEPciPSt6__FILE), (20 bytes).
    Removing retarget.o(i._sys_command_string), (6 bytes).
    Removing retarget.o(i._sys_ensure), (44 bytes).
    Removing retarget.o(i._sys_read), (92 bytes).
    Removing retarget.o(i.closedir), (14 bytes).
    Removing retarget.o(i.mkdir), (58 bytes).
    Removing retarget.o(i.opendir), (68 bytes).
    Removing retarget.o(i.readdir), (14 bytes).
    Removing retarget.o(i.remove), (54 bytes).
    Removing retarget.o(i.rename), (88 bytes).
    Removing retarget.o(i.rewinddir), (14 bytes).
    Removing retarget.o(i.seekdir), (18 bytes).
    Removing retarget.o(i.telldir), (14 bytes).
    Removing retarget.o(i.tmpfile), (4 bytes).
    Removing retarget.o(i.tmpnam), (6 bytes).
    Removing retarget.o(.ARM.exidx), (8 bytes).
    Removing retarget.o(.ARM.exidx), (8 bytes).
    Removing retarget.o(.ARM.exidx), (8 bytes).
    Removing retarget.o(.ARM.exidx), (8 bytes).
    Removing retarget.o(.ARM.exidx), (8 bytes).
    Removing retarget.o(.ARM.exidx), (8 bytes).
    Removing retarget.o(.ARM.exidx), (8 bytes).
    Removing retarget.o(.ARM.exidx), (8 bytes).
    Removing retarget.o(.ARM.exidx), (8 bytes).
    Removing retarget.o(.ARM.exidx), (8 bytes).
    Removing retarget.o(.ARM.exidx), (8 bytes).
    Removing retarget.o(.ARM.exidx), (8 bytes).
    Removing retarget.o(.ARM.exidx), (8 bytes).
    Removing retarget.o(.ARM.exidx), (8 bytes).
    Removing retarget.o(.ARM.exidx), (8 bytes).
    Removing retarget.o(.ARM.exidx), (8 bytes).
    Removing retarget.o(.ARM.exidx), (8 bytes).
    Removing retarget.o(.ARM.exidx), (8 bytes).
    Removing retarget.o(.ARM.exidx), (8 bytes).
    Removing retarget.o(.ARM.exidx), (8 bytes).
    Removing retarget.o(.ARM.exidx), (8 bytes).
    Removing retarget.o(.ARM.exidx), (8 bytes).
    Removing retarget.o(.ARM.exidx), (8 bytes).
    Removing retarget.o(.ARM.exidx), (8 bytes).
    Removing retarget.o(.ARM.exidx), (8 bytes).
    Removing retarget.o(.ARM.exidx), (8 bytes).
    Removing retarget.o(.ARM.exidx), (8 bytes).
    Removing retarget.o(.ARM.exidx), (8 bytes).
    Removing retarget.o(.ARM.exidx), (8 bytes).
    Removing retarget.o(.ARM.exidx), (8 bytes).
    Removing ealcdboardgpio.o(.rev16_text), (4 bytes).
    Removing ealcdboardgpio.o(.revsh_text), (4 bytes).
    Removing ealcdboardgpio.o(.ARM.exidx), (8 bytes).
    Removing ealcdboardgpio.o(.ARM.exidx), (8 bytes).
    Removing ealcdboardgpio.o(.ARM.exidx), (8 bytes).
    Removing ealcdboardgpio.o(.ARM.exidx), (8 bytes).
    Removing ealcdboardgpio.o(.ARM.exidx), (8 bytes).
    Removing ealcdboardgpio.o(.ARM.exidx), (8 bytes).
    Removing ealcdboardgpio.o(.conststring), (72 bytes).
    Removing ealcdboard.o(.rev16_text), (4 bytes).
    Removing ealcdboard.o(.revsh_text), (4 bytes).
    Removing ealcdboard.o(i._ZN10EaLcdBoard11eepromWriteEPhtt), (178 bytes).
    Removing ealcdboard.o(i._ZN10EaLcdBoard13getDisplayMfgEPci), (68 bytes).
    Removing ealcdboard.o(i._ZN10EaLcdBoard14getDisplayNameEPci), (64 bytes).
    Removing ealcdboard.o(i._ZN10EaLcdBoard15getPowerDownSeqEPci), (88 bytes).
    Removing ealcdboard.o(i._ZN10EaLcdBoard15setWriteProtectEb), (36 bytes).
    Removing ealcdboard.o(i._ZN10EaLcdBoard15storeParametersEPKcS1_PN13LcdController6ConfigES1_S1_PNS_13TouchParams_tEb), (436 bytes).
    Removing ealcdboard.o(i._ZN10EaLcdBoard18getTouchParametersEPNS_13TouchParams_tE), (92 bytes).
    Removing ealcdboard.o(i._ZN10EaLcdBoard5closeEv), (54 bytes).
    Removing ealcdboard.o(.ARM.exidx), (8 bytes).
    Removing ealcdboard.o(.ARM.exidx), (8 bytes).
    Removing ealcdboard.o(.ARM.exidx), (8 bytes).
    Removing ealcdboard.o(.ARM.exidx), (8 bytes).
    Removing ealcdboard.o(.ARM.exidx), (8 bytes).
    Removing ealcdboard.o(.ARM.exidx), (8 bytes).
    Removing ealcdboard.o(.ARM.exidx), (8 bytes).
    Removing ealcdboard.o(.ARM.exidx), (8 bytes).
    Removing ealcdboard.o(.ARM.exidx), (8 bytes).
    Removing ealcdboard.o(.ARM.exidx), (8 bytes).
    Removing ealcdboard.o(.ARM.exidx), (8 bytes).
    Removing ealcdboard.o(.ARM.exidx), (8 bytes).
    Removing ealcdboard.o(.ARM.exidx), (8 bytes).
    Removing ealcdboard.o(.ARM.exidx), (8 bytes).
    Removing ealcdboard.o(.ARM.exidx), (8 bytes).
    Removing ealcdboard.o(.ARM.exidx), (8 bytes).
    Removing ealcdboard.o(.ARM.exidx), (8 bytes).
    Removing ealcdboard.o(.ARM.exidx), (8 bytes).
    Removing ealcdboard.o(.ARM.exidx), (8 bytes).
    Removing ealcdboard.o(.ARM.exidx), (8 bytes).
    Removing ealcdboard.o(.ARM.exidx), (8 bytes).
    Removing ealcdboard.o(.ARM.exidx), (8 bytes).
    Removing ealcdboard.o(.ARM.exidx), (8 bytes).
    Removing ealcdboard.o(.ARM.exidx), (8 bytes).
    Removing ealcdboard.o(.ARM.exidx), (8 bytes).
    Removing ealcdboard.o(.ARM.exidx), (8 bytes).
    Removing ealcdboard.o(.ARM.exidx), (8 bytes).
    Removing ealcdboard.o(.ARM.exidx), (8 bytes).
    Removing ealcdboard.o(.ARM.exidx), (8 bytes).
    Removing ealcdboard.o(.ARM.exidx), (8 bytes).
    Removing ealcdboard.o(.ARM.exidx), (8 bytes).
    Removing ealcdboard.o(.ARM.exidx), (8 bytes).
    Removing gfxfb.o(.rev16_text), (4 bytes).
    Removing gfxfb.o(.revsh_text), (4 bytes).
    Removing gfxfb.o(i._ZN5GFXFb11writeStringEPKc), (34 bytes).
    Removing gfxfb.o(i._ZN5GFXFb13drawFastHLineEssst), (98 bytes).
    Removing gfxfb.o(i._ZN5GFXFb14getStringWidthEPKc), (30 bytes).
    Removing gfxfb.o(i._ZN5GFXFb15getStringHeightEPKc), (6 bytes).
    Removing gfxfb.o(.ARM.exidx), (8 bytes).
    Removing gfxfb.o(.ARM.exidx), (8 bytes).
    Removing gfxfb.o(.ARM.exidx), (8 bytes).
    Removing gfxfb.o(.ARM.exidx), (8 bytes).
    Removing gfxfb.o(.ARM.exidx), (8 bytes).
    Removing gfxfb.o(.ARM.exidx), (8 bytes).
    Removing gfxfb.o(.ARM.exidx), (8 bytes).
    Removing gfxfb.o(.ARM.exidx), (8 bytes).
    Removing sdram.o(.rev16_text), (4 bytes).
    Removing sdram.o(.revsh_text), (4 bytes).
    Removing sdram.o(i._Z24sdram_disableMallocSdramv), (12 bytes).
    Removing sdram.o(.ARM.exidx), (8 bytes).
    Removing sdram.o(.ARM.exidx), (8 bytes).
    Removing sdram.o(.ARM.exidx), (8 bytes).
    Removing sdram.o(.ARM.exidx), (8 bytes).
    Removing sdram.o(.ARM.exidx), (8 bytes).
    Removing sdram.o(.ARM.exidx), (8 bytes).
    Removing sdram.o(.ARM.exidx), (8 bytes).
    Removing sdram.o(.ARM.exidx), (8 bytes).
    Removing sdram.o(.ARM.exidx), (8 bytes).
    Removing sdram.o(.ARM.exidx), (8 bytes).
    Removing os_flag.o(i.OSFlagAccept), (252 bytes).
    Removing os_flag.o(i.OSFlagCreate), (100 bytes).
    Removing os_flag.o(i.OSFlagDel), (228 bytes).
    Removing os_flag.o(i.OSFlagNameGet), (84 bytes).
    Removing os_flag.o(i.OSFlagNameSet), (72 bytes).
    Removing os_flag.o(i.OSFlagPend), (596 bytes).
    Removing os_flag.o(i.OSFlagPendGetFlagsRdy), (32 bytes).
    Removing os_flag.o(i.OSFlagPost), (320 bytes).
    Removing os_flag.o(i.OSFlagQuery), (48 bytes).
    Removing os_flag.o(i.OS_FlagBlock), (164 bytes).
    Removing os_flag.o(i.OS_FlagTaskRdy), (96 bytes).
    Removing os_mem.o(i.OSMemCreate), (124 bytes).
    Removing os_mem.o(i.OSMemGet), (62 bytes).
    Removing os_mem.o(i.OSMemNameGet), (64 bytes).
    Removing os_mem.o(i.OSMemNameSet), (52 bytes).
    Removing os_mem.o(i.OSMemPut), (54 bytes).
    Removing os_mem.o(i.OSMemQuery), (52 bytes).
    Removing os_q.o(i.OSQAccept), (88 bytes).
    Removing os_q.o(i.OSQCreate), (160 bytes).
    Removing os_q.o(i.OSQDel), (260 bytes).
    Removing os_q.o(i.OSQFlush), (36 bytes).
    Removing os_q.o(i.OSQPend), (284 bytes).
    Removing os_q.o(i.OSQPendAbort), (128 bytes).
    Removing os_q.o(i.OSQPost), (114 bytes).
    Removing os_q.o(i.OSQPostFront), (116 bytes).
    Removing os_q.o(i.OSQPostOpt), (182 bytes).
    Removing os_q.o(i.OSQQuery), (98 bytes).
    Removing os_tmr.o(i.OSTmrCreate), (116 bytes).
    Removing os_tmr.o(i.OSTmrDel), (128 bytes).
    Removing os_tmr.o(i.OSTmrNameGet), (120 bytes).
    Removing os_tmr.o(i.OSTmrRemainGet), (172 bytes).
    Removing os_tmr.o(i.OSTmrStart), (132 bytes).
    Removing os_tmr.o(i.OSTmrStateGet), (92 bytes).
    Removing os_tmr.o(i.OSTmrStop), (184 bytes).
    Removing os_tmr.o(i.OSTmr_Alloc), (64 bytes).
    Removing os_tmr.o(i.OSTmr_Free), (76 bytes).
    Removing os_cpu_c.o(i.OS_CPU_SysTickInit), (48 bytes).
    Removing filebase.o(.rev16_text), (4 bytes).
    Removing filebase.o(.revsh_text), (4 bytes).
    Removing filebase.o(i._ZN4mbed8FileBase3getEi), (36 bytes).
    Removing filebase.o(i._ZN4mbed8FileBase7getNameEv), (6 bytes).
    Removing filebase.o(i._ZN4mbed8FileBaseD0Ev), (18 bytes).
    Removing filebase.o(i._ZN4mbed8FileBaseD1Ev), (56 bytes).
    Removing filebase.o(.ARM.exidx), (8 bytes).
    Removing filebase.o(.ARM.exidx), (8 bytes).
    Removing filebase.o(.ARM.exidx), (8 bytes).
    Removing filebase.o(.ARM.exidx), (8 bytes).
    Removing filebase.o(.ARM.exidx), (8 bytes).
    Removing filebase.o(.ARM.exidx), (8 bytes).
    Removing filebase.o(.ARM.exidx), (8 bytes).
    Removing filepath.o(.rev16_text), (4 bytes).
    Removing filepath.o(.revsh_text), (4 bytes).
    Removing filepath.o(.ARM.exidx), (8 bytes).
    Removing filepath.o(.ARM.exidx), (8 bytes).
    Removing filepath.o(.ARM.exidx), (8 bytes).
    Removing filepath.o(.ARM.exidx), (8 bytes).
    Removing filepath.o(.ARM.exidx), (8 bytes).
    Removing filepath.o(.ARM.exidx), (8 bytes).
    Removing filepath.o(.ARM.exidx), (8 bytes).
    Removing filesystemlike.o(.rev16_text), (4 bytes).
    Removing filesystemlike.o(.revsh_text), (4 bytes).
    Removing filesystemlike.o(i._ZN4mbed14FileSystemLike7opendirEv), (52 bytes).
    Removing filesystemlike.o(i._ZN4mbed14FileSystemLikeC2EPKc), (32 bytes).
    Removing filesystemlike.o(i._ZN4mbed14FileSystemLikeD0Ev), (18 bytes).
    Removing filesystemlike.o(i._ZN4mbed14FileSystemLikeD2Ev), (16 bytes).
    Removing filesystemlike.o(.ARM.exidx), (8 bytes).
    Removing filesystemlike.o(.ARM.exidx), (8 bytes).
    Removing filesystemlike.o(.ARM.exidx), (8 bytes).
    Removing filesystemlike.o(.ARM.exidx), (8 bytes).
    Removing pinmap.o(.rev16_text), (4 bytes).
    Removing pinmap.o(.revsh_text), (4 bytes).
    Removing us_ticker.o(.rev16_text), (4 bytes).
    Removing us_ticker.o(.revsh_text), (4 bytes).
    Removing i2c_api.o(.rev16_text), (4 bytes).
    Removing i2c_api.o(.revsh_text), (4 bytes).
    Removing i2c_api.o(i.i2c_byte_read), (18 bytes).
    Removing i2c_api.o(i.i2c_byte_write), (64 bytes).
    Removing i2c_api.o(i.i2c_reset), (12 bytes).
    Removing i2c_api.o(i.i2c_slave_address), (48 bytes).
    Removing i2c_api.o(i.i2c_slave_mode), (60 bytes).
    Removing i2c_api.o(i.i2c_slave_read), (92 bytes).
    Removing i2c_api.o(i.i2c_slave_receive), (48 bytes).
    Removing i2c_api.o(i.i2c_slave_write), (70 bytes).
    Removing pwmout_api.o(.rev16_text), (4 bytes).
    Removing pwmout_api.o(.revsh_text), (4 bytes).
    Removing pwmout_api.o(i.pwmout_free), (2 bytes).
    Removing pwmout_api.o(i.pwmout_period), (32 bytes).
    Removing pwmout_api.o(i.pwmout_pulsewidth), (32 bytes).
    Removing pwmout_api.o(i.pwmout_pulsewidth_ms), (22 bytes).
    Removing pwmout_api.o(i.pwmout_pulsewidth_us), (48 bytes).
    Removing pwmout_api.o(i.pwmout_read), (58 bytes).
    Removing serial_api.o(.rev16_text), (4 bytes).
    Removing serial_api.o(.revsh_text), (4 bytes).
    Removing serial_api.o(i.serial_break_clear), (14 bytes).
    Removing serial_api.o(i.serial_break_set), (14 bytes).
    Removing serial_api.o(i.serial_clear), (8 bytes).
    Removing serial_api.o(i.serial_free), (16 bytes).
    Removing serial_api.o(i.serial_getc), (22 bytes).
    Removing serial_api.o(i.serial_irq_handler), (24 bytes).
    Removing serial_api.o(i.serial_irq_set), (256 bytes).
    Removing serial_api.o(i.serial_pinout_tx), (20 bytes).
    Removing serial_api.o(i.serial_readable), (12 bytes).
    Removing serial_api.o(i.uart0_irq), (24 bytes).
    Removing serial_api.o(i.uart1_irq), (24 bytes).
    Removing serial_api.o(i.uart2_irq), (24 bytes).
    Removing serial_api.o(i.uart3_irq), (24 bytes).
    Removing serial_api.o(i.uart4_irq), (24 bytes).
    Removing serial_api.o(i.uart_irq), (64 bytes).
    Removing serial_api.o(.bss), (20 bytes).
    Removing board.o(.rev16_text), (4 bytes).
    Removing board.o(.revsh_text), (4 bytes).
    Removing lcdcontroller.o(.rev16_text), (4 bytes).
    Removing lcdcontroller.o(.revsh_text), (4 bytes).
    Removing lcdcontroller.o(i._ZN13LcdController5closeEv), (52 bytes).
    Removing lcdcontroller.o(.ARM.exidx), (8 bytes).
    Removing lcdcontroller.o(.ARM.exidx), (8 bytes).
    Removing lcdcontroller.o(.ARM.exidx), (8 bytes).
    Removing lcdcontroller.o(.ARM.exidx), (8 bytes).
    Removing lcdcontroller.o(.ARM.exidx), (8 bytes).
    Removing lcdcontroller.o(.ARM.exidx), (8 bytes).
    Removing lcdcontroller.o(.ARM.exidx), (8 bytes).
    Removing lcdcontroller.o(.ARM.exidx), (8 bytes).
    Removing us_ticker_api.o(.rev16_text), (4 bytes).
    Removing us_ticker_api.o(.revsh_text), (4 bytes).
    Removing us_ticker_api.o(i.get_us_ticker_data), (8 bytes).
    Removing ticker_api.o(.rev16_text), (4 bytes).
    Removing ticker_api.o(.revsh_text), (4 bytes).
    Removing ticker_api.o(i.ticker_get_next_timestamp), (26 bytes).
    Removing ticker_api.o(i.ticker_insert_event), (80 bytes).
    Removing ticker_api.o(i.ticker_read), (12 bytes).
    Removing ticker_api.o(i.ticker_remove_event), (82 bytes).
    Removing ticker_api.o(i.ticker_set_handler), (18 bytes).
    Removing main.o(.ARM.exidx), (8 bytes).
    Removing main.o(.ARM.exidx), (8 bytes).
    Removing main.o(.ARM.exidx), (8 bytes).
    Removing main.o(.ARM.exidx), (8 bytes).
    Removing stream.o(.constdata__ZTIN4mbed6StreamE), (12 bytes).
    Removing stream.o(.constdata__ZTSN4mbed6StreamE), (15 bytes).
    Removing adafruit_gfx.o(.constdata__ZTI12Adafruit_GFX), (8 bytes).
    Removing adafruit_gfx.o(.constdata__ZTS12Adafruit_GFX), (15 bytes).
    Removing display.o(.ARM.exidx), (8 bytes).
    Removing display.o(.constdata__ZTI7Display), (32 bytes).
    Removing display.o(.constdata__ZTS7Display), (9 bytes).
    Removing filelike.o(.ARM.exidx), (8 bytes).
    Removing filelike.o(.constdata__ZTIN4mbed8FileLikeE), (32 bytes).
    Removing filelike.o(.constdata__ZTSN4mbed8FileLikeE), (17 bytes).
    Removing retarget.o(.constdata__ZTIN4mbed10FileHandleE), (8 bytes).
    Removing retarget.o(.constdata__ZTSN4mbed10FileHandleE), (20 bytes).
    Removing ealcdboardgpio.o(.constdata__ZTI14EaLcdBoardGPIO), (12 bytes).
    Removing ealcdboardgpio.o(.constdata__ZTS14EaLcdBoardGPIO), (17 bytes).
    Removing ealcdboard.o(.constdata__ZTI10EaLcdBoard), (8 bytes).
    Removing ealcdboard.o(.constdata__ZTS10EaLcdBoard), (13 bytes).
    Removing gfxfb.o(.constdata__ZTI5GFXFb), (12 bytes).
    Removing gfxfb.o(.constdata__ZTS5GFXFb), (7 bytes).
    Removing filebase.o(.constdata__ZTIN4mbed8FileBaseE), (8 bytes).
    Removing filebase.o(.constdata__ZTSN4mbed8FileBaseE), (17 bytes).
    Removing filesystemlike.o(.constdata__ZTVN4mbed14FileSystemLikeE), (36 bytes).
    Removing filesystemlike.o(i._ZN4mbed14FileSystemLike6removeEPKc), (8 bytes).
    Removing filesystemlike.o(.ARM.exidx), (8 bytes).
    Removing filesystemlike.o(i._ZN4mbed14FileSystemLike6renameEPKcS2_), (8 bytes).
    Removing filesystemlike.o(.ARM.exidx), (8 bytes).
    Removing filesystemlike.o(i._ZN4mbed14FileSystemLike7opendirEPKc), (6 bytes).
    Removing filesystemlike.o(.ARM.exidx), (8 bytes).
    Removing filesystemlike.o(i._ZN4mbed14FileSystemLike5mkdirEPKci), (8 bytes).
    Removing filesystemlike.o(.ARM.exidx), (8 bytes).
    Removing filesystemlike.o(.constdata__ZTVN4mbed9DirHandleE), (36 bytes).
    Removing filesystemlike.o(.constdata__ZTVN4mbed13BaseDirHandleE), (36 bytes).
    Removing filesystemlike.o(.constdata__ZTIN4mbed14FileSystemLikeE), (12 bytes).
    Removing filesystemlike.o(.constdata__ZTIN4mbed13BaseDirHandleE), (12 bytes).
    Removing filesystemlike.o(.constdata__ZTIN4mbed9DirHandleE), (8 bytes).
    Removing filesystemlike.o(.constdata__ZTSN4mbed14FileSystemLikeE), (24 bytes).
    Removing filesystemlike.o(.constdata__ZTSN4mbed9DirHandleE), (18 bytes).
    Removing filesystemlike.o(.constdata__ZTSN4mbed13BaseDirHandleE), (23 bytes).
    Removing filesystemlike.o(i._ZN4mbed9DirHandle7telldirEv), (8 bytes).
    Removing filesystemlike.o(.ARM.exidx), (8 bytes).
    Removing filesystemlike.o(i._ZN4mbed9DirHandle7seekdirEl), (2 bytes).
    Removing filesystemlike.o(.ARM.exidx), (8 bytes).
    Removing filesystemlike.o(i._ZN4mbed9DirHandleD2Ev), (2 bytes).
    Removing filesystemlike.o(.ARM.exidx), (8 bytes).
    Removing filesystemlike.o(i._ZN4mbed9DirHandleD0Ev), (16 bytes).
    Removing filesystemlike.o(.ARM.exidx), (8 bytes).
    Removing filesystemlike.o(i._ZN4mbed13BaseDirHandle8closedirEv), (18 bytes).
    Removing filesystemlike.o(.ARM.exidx), (8 bytes).
    Removing filesystemlike.o(i._ZN4mbed13BaseDirHandle7readdirEv), (50 bytes).
    Removing filesystemlike.o(.ARM.exidx), (8 bytes).
    Removing filesystemlike.o(i._ZN4mbed13BaseDirHandle7telldirEv), (6 bytes).
    Removing filesystemlike.o(.ARM.exidx), (8 bytes).
    Removing filesystemlike.o(i._ZN4mbed13BaseDirHandle7seekdirEl), (4 bytes).
    Removing filesystemlike.o(.ARM.exidx), (8 bytes).
    Removing filesystemlike.o(i._ZN4mbed13BaseDirHandle9rewinddirEv), (6 bytes).
    Removing filesystemlike.o(.ARM.exidx), (8 bytes).
    Removing filesystemlike.o(i._ZN4mbed13BaseDirHandleD1Ev), (4 bytes).
    Removing filesystemlike.o(.ARM.exidx), (8 bytes).
    Removing filesystemlike.o(i._ZN4mbed13BaseDirHandleD0Ev), (18 bytes).
    Removing filesystemlike.o(.ARM.exidx), (8 bytes).

526 unused section(s) (total 16481 bytes) removed from the image.
